Archive member included to satisfy reference by file (symbol)

app/libapp.a(main.c.obj)      (--whole-archive)
zephyr/libzephyr.a(heap.c.obj)
                              (--whole-archive)
zephyr/libzephyr.a(cbprintf_packaged.c.obj)
                              (--whole-archive)
zephyr/libzephyr.a(printk.c.obj)
                              (--whole-archive)
zephyr/libzephyr.a(sem.c.obj)
                              (--whole-archive)
zephyr/libzephyr.a(thread_entry.c.obj)
                              (--whole-archive)
zephyr/libzephyr.a(cbprintf_complete.c.obj)
                              (--whole-archive)
zephyr/libzephyr.a(assert.c.obj)
                              (--whole-archive)
zephyr/libzephyr.a(dec.c.obj)
                              (--whole-archive)
zephyr/libzephyr.a(hex.c.obj)
                              (--whole-archive)
zephyr/libzephyr.a(rb.c.obj)  (--whole-archive)
zephyr/libzephyr.a(timeutil.c.obj)
                              (--whole-archive)
zephyr/libzephyr.a(bitarray.c.obj)
                              (--whole-archive)
zephyr/libzephyr.a(ring_buffer.c.obj)
                              (--whole-archive)
zephyr/libzephyr.a(configs.c.obj)
                              (--whole-archive)
zephyr/libzephyr.a(stm32cube_hal.c.obj)
                              (--whole-archive)
zephyr/libzephyr.a(soc_config.c.obj)
                              (--whole-archive)
zephyr/libzephyr.a(soc.c.obj)
                              (--whole-archive)
zephyr/libzephyr.a(mem_attr.c.obj)
                              (--whole-archive)
zephyr/libzephyr.a(tracing_none.c.obj)
                              (--whole-archive)
zephyr/libzephyr.a(kernel_shell.c.obj)
                              (--whole-archive)
zephyr/libzephyr.a(cycles.c.obj)
                              (--whole-archive)
zephyr/libzephyr.a(sleep.c.obj)
                              (--whole-archive)
zephyr/libzephyr.a(uptime.c.obj)
                              (--whole-archive)
zephyr/libzephyr.a(version.c.obj)
                              (--whole-archive)
zephyr/libzephyr.a(thread.c.obj)
                              (--whole-archive)
zephyr/libzephyr.a(list.c.obj)
                              (--whole-archive)
zephyr/libzephyr.a(stacks.c.obj)
                              (--whole-archive)
zephyr/libzephyr.a(device_service.c.obj)
                              (--whole-archive)
zephyr/libzephyr.a(devmem_service.c.obj)
                              (--whole-archive)
zephyr/libzephyr.a(shell_uart.c.obj)
                              (--whole-archive)
zephyr/libzephyr.a(shell.c.obj)
                              (--whole-archive)
zephyr/libzephyr.a(shell_fprintf.c.obj)
                              (--whole-archive)
zephyr/libzephyr.a(shell_utils.c.obj)
                              (--whole-archive)
zephyr/libzephyr.a(shell_ops.c.obj)
                              (--whole-archive)
zephyr/libzephyr.a(shell_help.c.obj)
                              (--whole-archive)
zephyr/libzephyr.a(shell_cmds.c.obj)
                              (--whole-archive)
zephyr/libzephyr.a(shell_history.c.obj)
                              (--whole-archive)
zephyr/libzephyr.a(shell_wildcard.c.obj)
                              (--whole-archive)
zephyr/arch/common/libarch__common.a(sw_isr_common.c.obj)
                              (--whole-archive)
zephyr/arch/arch/arm/core/libarch__arm__core.a(fatal.c.obj)
                              (--whole-archive)
zephyr/arch/arch/arm/core/libarch__arm__core.a(nmi.c.obj)
                              (--whole-archive)
zephyr/arch/arch/arm/core/libarch__arm__core.a(nmi_on_reset.S.obj)
                              (--whole-archive)
zephyr/arch/arch/arm/core/libarch__arm__core.a(tls.c.obj)
                              (--whole-archive)
zephyr/arch/arch/arm/core/cortex_m/libarch__arm__core__cortex_m.a(exc_exit.c.obj)
                              (--whole-archive)
zephyr/arch/arch/arm/core/cortex_m/libarch__arm__core__cortex_m.a(fault.c.obj)
                              (--whole-archive)
zephyr/arch/arch/arm/core/cortex_m/libarch__arm__core__cortex_m.a(fault_s.S.obj)
                              (--whole-archive)
zephyr/arch/arch/arm/core/cortex_m/libarch__arm__core__cortex_m.a(fpu.c.obj)
                              (--whole-archive)
zephyr/arch/arch/arm/core/cortex_m/libarch__arm__core__cortex_m.a(reset.S.obj)
                              (--whole-archive)
zephyr/arch/arch/arm/core/cortex_m/libarch__arm__core__cortex_m.a(scb.c.obj)
                              (--whole-archive)
zephyr/arch/arch/arm/core/cortex_m/libarch__arm__core__cortex_m.a(thread_abort.c.obj)
                              (--whole-archive)
zephyr/arch/arch/arm/core/cortex_m/libarch__arm__core__cortex_m.a(vector_table.S.obj)
                              (--whole-archive)
zephyr/arch/arch/arm/core/cortex_m/libarch__arm__core__cortex_m.a(swap.c.obj)
                              (--whole-archive)
[...]
Memory Configuration

Name             Origin             Length             Attributes
FLASH            0x0000000008000000 0x0000000000100000 xr
RAM              0x0000000020000000 0x0000000000050000 xw
IDT_LIST         0x00000000ffff7fff 0x0000000000008000 xw
*default*        0x0000000000000000 0xffffffffffffffff

Linker script and memory map

                0x00000000080054cc                vfprintf = __l_vfprintf
                0x0000000000000000                vfscanf = __l_vfscanf
LOAD zephyr/CMakeFiles/zephyr_pre0.dir/misc/empty_file.c.obj
LOAD zephyr/CMakeFiles/offsets.dir/./arch/arm/core/offsets/offsets.c.obj
LOAD app/libapp.a
LOAD zephyr/libzephyr.a
LOAD zephyr/arch/common/libarch__common.a
LOAD zephyr/arch/arch/arm/core/libarch__arm__core.a
LOAD zephyr/arch/arch/arm/core/cortex_m/libarch__arm__core__cortex_m.a
LOAD zephyr/arch/arch/arm/core/mpu/libarch__arm__core__mpu.a
LOAD zephyr/lib/libc/picolibc/liblib__libc__picolibc.a
LOAD zephyr/lib/libc/common/liblib__libc__common.a
LOAD zephyr/lib/posix/options/liblib__posix__options.a
LOAD zephyr/drivers/interrupt_controller/libdrivers__interrupt_controller.a
LOAD zephyr/drivers/clock_control/libdrivers__clock_control.a
LOAD zephyr/drivers/console/libdrivers__console.a
LOAD zephyr/drivers/gpio/libdrivers__gpio.a
LOAD zephyr/drivers/pinctrl/libdrivers__pinctrl.a
LOAD zephyr/drivers/reset/libdrivers__reset.a
LOAD zephyr/drivers/serial/libdrivers__serial.a
LOAD zephyr/drivers/timer/libdrivers__timer.a
LOAD modules/hal_stm32/stm32cube/lib..__modules__hal__stm32__stm32cube.a
LOAD zephyr/kernel/libkernel.a
LOAD zephyr/arch/common/libisr_tables.a
LOAD /home/golden-devadhas/zephyr-sdk-0.16.5-1/arm-zephyr-eabi/bin/../lib/gcc/../../picolibc/arm-zephyr-eabi/lib/thumb/v7e-m/nofp/libc.a
LOAD /home/golden-devadhas/zephyr-sdk-0.16.5-1/arm-zephyr-eabi/bin/../lib/gcc/arm-zephyr-eabi/12.2.0/thumb/v7e-m/nofp/libgcc.a
                0x0000000000000020                _region_min_align = 0x20

.rel.plt        0x0000000008000000        0x0
 *(SORT_BY_ALIGNMENT(.rel.plt))
                [!provide]                        PROVIDE (__rel_iplt_start = .)
 *(SORT_BY_ALIGNMENT(.rel.iplt))
 .rel.iplt      0x0000000008000000        0x0 app/libapp.a(main.c.obj)
                [!provide]                        PROVIDE (__rel_iplt_end = .)

.rela.plt       0x0000000000000000        0x0
 *(SORT_BY_ALIGNMENT(.rela.plt))
                [!provide]                        PROVIDE (__rela_iplt_start = .)
 *(SORT_BY_ALIGNMENT(.rela.iplt))
                [!provide]                        PROVIDE (__rela_iplt_end = .)

.rel.dyn
 *(SORT_BY_ALIGNMENT(.rel.*))

.rela.dyn
 *(SORT_BY_ALIGNMENT(.rela.*))

/DISCARD/
 *(SORT_BY_ALIGNMENT(.plt))

/DISCARD/
 *(SORT_BY_ALIGNMENT(.iplt))
                0x0000000008000000                __rom_region_start = 0x8000000

rom_start       0x0000000008000000      0x1ac
                0x0000000008000000                __rom_start_address = .
 FILL mask 0x00
                0x0000000008000000                . = (. + (0x0 - (. - __rom_start_address)))
                0x0000000008000000                . = ALIGN (0x4)
                0x0000000008000000                . = ALIGN (0x80)
                0x0000000008000000                . = ALIGN (0x200)
                0x0000000008000000                _vector_start = .
 *(SORT_BY_ALIGNMENT(.exc_vector_table))
 *(SORT_BY_ALIGNMENT(.exc_vector_table.*))
 .exc_vector_table._vector_table_section
                0x0000000008000000       0x40 zephyr/arch/arch/arm/core/cortex_m/libarch__arm__core__cortex_m.a(vector_table.S.obj)
                0x0000000008000000                _vector_table
 *(SORT_BY_ALIGNMENT(.vectors))
                0x00000000080001ac                _vector_end = .
                0x0000000008000040                . = ALIGN (0x4)
 *(SORT_BY_ALIGNMENT(.gnu.linkonce.irq_vector_table*))
 .gnu.linkonce.irq_vector_table
                0x0000000008000040      0x16c zephyr/arch/common/libisr_tables.a(isr_tables.c.obj)
                0x0000000008000040                _irq_vector_table
                0x00000000080001ac                _vector_end = .

text            0x00000000080001b0     0x807c
                0x00000000080001b0                __text_region_start = .
 *(SORT_BY_ALIGNMENT(.text))
 .text          0x00000000080001b0       0xa0 /home/golden-devadhas/zephyr-sdk-0.16.5-1/arm-zephyr-eabi/bin/../lib/gcc/arm-zephyr-eabi/12.2.0/thumb/v7e-m/nofp/libgcc.a(_aeabi_ldivmod.o)
                0x00000000080001b0                __aeabi_ldivmod
 .text          0x0000000008000250       0x30 /home/golden-devadhas/zephyr-sdk-0.16.5-1/arm-zephyr-eabi/bin/../lib/gcc/arm-zephyr-eabi/12.2.0/thumb/v7e-m/nofp/libgcc.a(_aeabi_uldivmod.o)
                0x0000000008000250                __aeabi_uldivmod
 .text          0x0000000008000280        0x4 /home/golden-devadhas/zephyr-sdk-0.16.5-1/arm-zephyr-eabi/bin/../lib/gcc/arm-zephyr-eabi/12.2.0/thumb/v7e-m/nofp/libgcc.a(_dvmd_tls.o)
                0x0000000008000280                __aeabi_ldiv0
                0x0000000008000280                __aeabi_idiv0
 .text          0x0000000008000284       0x14 /home/golden-devadhas/zephyr-sdk-0.16.5-1/arm-zephyr-eabi/bin/../lib/gcc/../../picolibc/arm-zephyr-eabi/lib/thumb/v7e-m/nofp/libc.a(strcmp.S.o)
                0x0000000008000284                strcmp
 .text          0x0000000008000298       0x10 /home/golden-devadhas/zephyr-sdk-0.16.5-1/arm-zephyr-eabi/bin/../lib/gcc/../../picolibc/arm-zephyr-eabi/lib/thumb/v7e-m/nofp/libc.a(strcpy.S.o)
                0x0000000008000298                strcpy
 .text          0x00000000080002a8       0x10 /home/golden-devadhas/zephyr-sdk-0.16.5-1/arm-zephyr-eabi/bin/../lib/gcc/../../picolibc/arm-zephyr-eabi/lib/thumb/v7e-m/nofp/libc.a(strlen.S.o)
                0x00000000080002a8                strlen
 .text          0x00000000080002b8      0x2a0 /home/golden-devadhas/zephyr-sdk-0.16.5-1/arm-zephyr-eabi/bin/../lib/gcc/arm-zephyr-eabi/12.2.0/thumb/v7e-m/nofp/libgcc.a(_udivmoddi4.o)
                0x00000000080002b8                __udivmoddi4
 *(SORT_BY_ALIGNMENT(.text.*))
 .text.cmd_kernel_uptime
                0x0000000008000558       0xe0 zephyr/libzephyr.a(uptime.c.obj)
 .text.main     0x0000000008000638       0x18 app/libapp.a(main.c.obj)
                0x0000000008000638                main
 .text.char_out
                0x0000000008000650        0xc zephyr/libzephyr.a(printk.c.obj)
 .text.__printk_hook_install
                0x000000000800065c        0xc zephyr/libzephyr.a(printk.c.obj)
                0x000000000800065c                __printk_hook_install
 .text.vprintk  0x0000000008000668       0x30 zephyr/libzephyr.a(printk.c.obj)
                0x0000000008000668                vprintk
 .text.z_thread_entry
                0x0000000008000698       0x34 zephyr/libzephyr.a(thread_entry.c.obj)
                0x0000000008000698                z_thread_entry
 .text.st_stm32_common_config
                0x00000000080006cc       0x14 zephyr/libzephyr.a(soc_config.c.obj)
 .text.soc_early_init_hook
                0x00000000080006e0       0x30 zephyr/libzephyr.a(soc.c.obj)
                0x00000000080006e0                soc_early_init_hook
 .text.mem_attr_get_regions
                0x0000000008000710        0xc zephyr/libzephyr.a(mem_attr.c.obj)
                0x0000000008000710                mem_attr_get_regions
 .text.cmd_kernel_cycles
                0x000000000800071c       0x1c zephyr/libzephyr.a(cycles.c.obj)
 .text.cmd_kernel_sleep
                0x0000000008000738       0x40 zephyr/libzephyr.a(sleep.c.obj)
 .text.cmd_kernel_version
                0x0000000008000778       0x18 zephyr/libzephyr.a(version.c.obj)
 .text.cmd_kernel_thread_list
                0x0000000008000790       0x34 zephyr/libzephyr.a(list.c.obj)
 .text.shell_tdata_dump
                0x00000000080007c4       0xc0 zephyr/libzephyr.a(list.c.obj)
 .text.cmd_kernel_thread_stacks
                0x0000000008000884       0x70 zephyr/libzephyr.a(stacks.c.obj)
 .text.shell_stack_dump
                0x00000000080008f4       0x60 zephyr/libzephyr.a(stacks.c.obj)
 .text.cmd_device_list
                0x0000000008000954       0x8c zephyr/libzephyr.a(device_service.c.obj)
 .text.cmd_devmem
                0x00000000080009e0       0xc4 zephyr/libzephyr.a(devmem_service.c.obj)
 .text.cmd_dump
                0x0000000008000aa4      0x198 zephyr/libzephyr.a(devmem_service.c.obj)
 .text.set_bypass.isra.0
                0x0000000008000c3c       0x4c zephyr/libzephyr.a(devmem_service.c.obj)
 .text.bypass_cb
                0x0000000008000c88      0x114 zephyr/libzephyr.a(devmem_service.c.obj)
 .text.cmd_load
                0x0000000008000d9c       0xd8 zephyr/libzephyr.a(devmem_service.c.obj)
 .text.enable_shell_uart
                0x0000000008000e74       0x34 zephyr/libzephyr.a(shell_uart.c.obj)
 .text.init     0x0000000008000ea8       0x60 zephyr/libzephyr.a(shell_uart.c.obj)
 .text.shell_internal_help_print
                0x0000000008000f08       0x20 zephyr/libzephyr.a(shell.c.obj)
 .text.kill_handler
                0x0000000008000f28       0x50 zephyr/libzephyr.a(shell.c.obj)
 .text.z_cursor_next_line_move.isra.0
                0x0000000008000f78        0xc zephyr/libzephyr.a(shell.c.obj)
 .text.history_handle
                0x0000000008000f84       0xac zephyr/libzephyr.a(shell.c.obj)
 .text.execute  0x0000000008001030      0x2c8 zephyr/libzephyr.a(shell.c.obj)
 .text.state_set.constprop.0
                0x00000000080012f8       0x4c zephyr/libzephyr.a(shell.c.obj)
 .text.shell_process
                0x0000000008001344      0x6bc zephyr/libzephyr.a(shell.c.obj)
                0x0000000008001344                shell_process
 .text.shell_thread
                0x0000000008001a00       0xc4 zephyr/libzephyr.a(shell.c.obj)
                0x0000000008001a00                shell_thread
 .text.cmd_help
                0x0000000008001ac4       0x44 zephyr/libzephyr.a(shell.c.obj)
 .text.shell_hexdump_line
                0x0000000008001b08       0xcc zephyr/libzephyr.a(shell.c.obj)
                0x0000000008001b08                shell_hexdump_line
 .text.shell_init
                0x0000000008001bd4       0xe8 zephyr/libzephyr.a(shell.c.obj)
                0x0000000008001bd4                shell_init
 .text.z_shell_fprintf_fmt
                0x0000000008001cbc       0x28 zephyr/libzephyr.a(shell_fprintf.c.obj)
                0x0000000008001cbc                z_shell_fprintf_fmt
 .text.z_shell_cmd_get
                0x0000000008001ce4       0x74 zephyr/libzephyr.a(shell_utils.c.obj)
                0x0000000008001ce4                z_shell_cmd_get
 .text.shell_strtoul
                0x0000000008001d58       0x54 zephyr/libzephyr.a(shell_utils.c.obj)
                0x0000000008001d58                shell_strtoul
 .text.z_clear_eos
                0x0000000008001dac       0x18 zephyr/libzephyr.a(shell_ops.c.obj)
 .text.z_cursor_next_line_move.isra.0
                0x0000000008001dc4        0xc zephyr/libzephyr.a(shell_ops.c.obj)
 .text.z_shell_op_cursor_vert_move
                0x0000000008001dd0       0x2c zephyr/libzephyr.a(shell_ops.c.obj)
                0x0000000008001dd0                z_shell_op_cursor_vert_move
 .text.z_shell_op_cursor_horiz_move
                0x0000000008001dfc       0x2c zephyr/libzephyr.a(shell_ops.c.obj)
                0x0000000008001dfc                z_shell_op_cursor_horiz_move
 .text.z_shell_print_cmd
                0x0000000008001e28       0x78 zephyr/libzephyr.a(shell_ops.c.obj)
                0x0000000008001e28                z_shell_print_cmd
 .text.z_shell_vt100_color_set
                0x0000000008001ea0       0x40 zephyr/libzephyr.a(shell_ops.c.obj)
                0x0000000008001ea0                z_shell_vt100_color_set
 .text.z_shell_vt100_colors_restore
                0x0000000008001ee0       0x3c zephyr/libzephyr.a(shell_ops.c.obj)
                0x0000000008001ee0                z_shell_vt100_colors_restore
 .text.z_shell_op_word_remove
                0x0000000008001f1c       0xc8 zephyr/libzephyr.a(shell_ops.c.obj)
                0x0000000008001f1c                z_shell_op_word_remove
 .text.reprint_from_cursor
                0x0000000008001fe4       0x7c zephyr/libzephyr.a(shell_ops.c.obj)
 .text.z_shell_op_char_insert
                0x0000000008002060       0x70 zephyr/libzephyr.a(shell_ops.c.obj)
                0x0000000008002060                z_shell_op_char_insert
 .text.z_shell_print_prompt_and_cmd
                0x00000000080020d0       0x30 zephyr/libzephyr.a(shell_ops.c.obj)
                0x00000000080020d0                z_shell_print_prompt_and_cmd
 .text.z_cursor_next_line_move.isra.0
                0x0000000008002100        0xc zephyr/libzephyr.a(shell_help.c.obj)
 .text.z_shell_help_subcmd_print
                0x000000000800210c       0xb4 zephyr/libzephyr.a(shell_help.c.obj)
                0x000000000800210c                z_shell_help_subcmd_print
 .text.z_shell_help_cmd_print
                0x00000000080021c0       0x40 zephyr/libzephyr.a(shell_help.c.obj)
                0x00000000080021c0                z_shell_help_cmd_print
 .text.z_shell_help_request
                0x0000000008002200       0x28 zephyr/libzephyr.a(shell_help.c.obj)
                0x0000000008002200                z_shell_help_request
 .text.cmd_resize_default
                0x0000000008002228       0x2c zephyr/libzephyr.a(shell_cmds.c.obj)
 .text.cmd_shell_stats_show
                0x0000000008002254       0x14 zephyr/libzephyr.a(shell_cmds.c.obj)
 .text.cmd_backends
                0x0000000008002268       0x4c zephyr/libzephyr.a(shell_cmds.c.obj)
 .text.cmd_prompt_off
                0x00000000080022b4       0x10 zephyr/libzephyr.a(shell_cmds.c.obj)
 .text.cmd_history
                0x00000000080022c4       0x40 zephyr/libzephyr.a(shell_cmds.c.obj)
 .text.cmd_get_retval
                0x0000000008002304       0x1c zephyr/libzephyr.a(shell_cmds.c.obj)
 .text.cmd_echo
                0x0000000008002320       0x50 zephyr/libzephyr.a(shell_cmds.c.obj)
 .text.cmd_clear
                0x0000000008002370       0x34 zephyr/libzephyr.a(shell_cmds.c.obj)
 .text.cmd_resize
                0x00000000080023a4      0x1a0 zephyr/libzephyr.a(shell_cmds.c.obj)
 .text.z_shell_wildcard_process
                0x0000000008002544       0xe4 zephyr/libzephyr.a(shell_wildcard.c.obj)
                0x0000000008002544                z_shell_wildcard_process
 .text.z_SysNmiOnReset
                0x0000000008002628        0x8 zephyr/arch/arch/arm/core/libarch__arm__core.a(nmi_on_reset.S.obj)
                0x0000000008002628                z_SysNmiOnReset
 .text.arch_tls_stack_setup
                0x0000000008002630       0x40 zephyr/arch/arch/arm/core/libarch__arm__core.a(tls.c.obj)
                0x0000000008002630                arch_tls_stack_setup
 .text._HandlerModeExit
                0x0000000008002670       0x28 zephyr/arch/arch/arm/core/cortex_m/libarch__arm__core__cortex_m.a(exc_exit.c.obj)
                0x0000000008002670                z_arm_exc_exit
                0x0000000008002670                z_arm_int_exit
 .text.mem_manage_fault
                0x0000000008002698       0xa0 zephyr/arch/arch/arm/core/cortex_m/libarch__arm__core__cortex_m.a(fault.c.obj)
 .text.usage_fault.constprop.0
                0x0000000008002738       0x54 zephyr/arch/arch/arm/core/cortex_m/libarch__arm__core__cortex_m.a(fault.c.obj)
 .text.bus_fault.constprop.0
                0x000000000800278c       0x6c zephyr/arch/arch/arm/core/cortex_m/libarch__arm__core__cortex_m.a(fault.c.obj)
 .text.z_arm_fault
                0x00000000080027f8      0x128 zephyr/arch/arch/arm/core/cortex_m/libarch__arm__core__cortex_m.a(fault.c.obj)
                0x00000000080027f8                z_arm_fault
 .text.z_arm_fault_init
                0x0000000008002920       0x18 zephyr/arch/arch/arm/core/cortex_m/libarch__arm__core__cortex_m.a(fault.c.obj)
                0x0000000008002920                z_arm_fault_init
 .text.__fault  0x0000000008002938       0x14 zephyr/arch/arch/arm/core/cortex_m/libarch__arm__core__cortex_m.a(fault_s.S.obj)
                0x0000000008002938                z_arm_bus_fault
                0x0000000008002938                z_arm_usage_fault
                0x0000000008002938                z_arm_mpu_fault
                0x0000000008002938                z_arm_exc_spurious
                0x0000000008002938                z_arm_debug_monitor
                0x0000000008002938                z_arm_hard_fault
 .text._reset_section
                0x000000000800294c       0x38 zephyr/arch/arch/arm/core/cortex_m/libarch__arm__core__cortex_m.a(reset.S.obj)
                0x000000000800294c                z_arm_reset
                0x000000000800294c                __start
 .text.z_impl_k_thread_abort
                0x0000000008002984       0x2c zephyr/arch/arch/arm/core/cortex_m/libarch__arm__core__cortex_m.a(thread_abort.c.obj)
                0x0000000008002984                z_impl_k_thread_abort
 .text.arch_swap
                0x00000000080029b0       0x34 zephyr/arch/arch/arm/core/cortex_m/libarch__arm__core__cortex_m.a(swap.c.obj)
                0x00000000080029b0                arch_swap
 .text.z_arm_pendsv_c
                0x00000000080029e4       0x50 zephyr/arch/arch/arm/core/cortex_m/libarch__arm__core__cortex_m.a(swap.c.obj)
                0x00000000080029e4                z_arm_pendsv_c
 .text.z_arm_pendsv
                0x0000000008002a34       0x34 zephyr/arch/arch/arm/core/cortex_m/libarch__arm__core__cortex_m.a(swap_helper.S.obj)
                0x0000000008002a34                z_arm_pendsv
 .text.z_arm_svc
                0x0000000008002a68       0x20 zephyr/arch/arch/arm/core/cortex_m/libarch__arm__core__cortex_m.a(swap_helper.S.obj)
                0x0000000008002a68                z_arm_svc
 .text.arch_irq_enable
                0x0000000008002a88       0x1c zephyr/arch/arch/arm/core/cortex_m/libarch__arm__core__cortex_m.a(irq_manage.c.obj)
                0x0000000008002a88                arch_irq_enable
 .text.z_arm_irq_priority_set
                0x0000000008002aa4       0x30 zephyr/arch/arch/arm/core/cortex_m/libarch__arm__core__cortex_m.a(irq_manage.c.obj)
                0x0000000008002aa4                z_arm_irq_priority_set
 .text.z_prep_c
                0x0000000008002ad4       0x48 zephyr/arch/arch/arm/core/cortex_m/libarch__arm__core__cortex_m.a(prep_c.c.obj)
                0x0000000008002ad4                z_prep_c
 .text.arch_new_thread
                0x0000000008002b1c       0x38 zephyr/arch/arch/arm/core/cortex_m/libarch__arm__core__cortex_m.a(thread.c.obj)
                0x0000000008002b1c                arch_new_thread
 .text.z_check_thread_stack_fail
                0x0000000008002b54       0x30 zephyr/arch/arch/arm/core/cortex_m/libarch__arm__core__cortex_m.a(thread.c.obj)
                0x0000000008002b54                z_check_thread_stack_fail
 .text.arch_switch_to_main_thread
                0x0000000008002b84       0x48 zephyr/arch/arch/arm/core/cortex_m/libarch__arm__core__cortex_m.a(thread.c.obj)
                0x0000000008002b84                arch_switch_to_main_thread
 .text.z_arm_cpu_idle_init
                0x0000000008002bcc        0xc zephyr/arch/arch/arm/core/cortex_m/libarch__arm__core__cortex_m.a(cpu_idle.c.obj)
                0x0000000008002bcc                z_arm_cpu_idle_init
 .text.z_arm_interrupt_init
                0x0000000008002bd8       0x18 zephyr/arch/arch/arm/core/cortex_m/libarch__arm__core__cortex_m.a(irq_init.c.obj)
                0x0000000008002bd8                z_arm_interrupt_init
 .text._isr_wrapper
                0x0000000008002bf0       0x24 zephyr/arch/arch/arm/core/cortex_m/libarch__arm__core__cortex_m.a(isr_wrapper.c.obj)
                0x0000000008002bf0                _isr_wrapper
 .text.z_arm_configure_static_mpu_regions
                0x0000000008002c14       0x18 zephyr/arch/arch/arm/core/mpu/libarch__arm__core__mpu.a(arm_core_mpu.c.obj)
                0x0000000008002c14                z_arm_configure_static_mpu_regions
 .text.z_arm_configure_dynamic_mpu_regions
                0x0000000008002c2c       0x24 zephyr/arch/arch/arm/core/mpu/libarch__arm__core__mpu.a(arm_core_mpu.c.obj)
                0x0000000008002c2c                z_arm_configure_dynamic_mpu_regions
 .text.region_init
                0x0000000008002c50       0x28 zephyr/arch/arch/arm/core/mpu/libarch__arm__core__mpu.a(arm_mpu.c.obj)
 .text.mpu_configure_regions
                0x0000000008002c78       0x6c zephyr/arch/arch/arm/core/mpu/libarch__arm__core__mpu.a(arm_mpu.c.obj)
 .text.arm_core_mpu_enable
                0x0000000008002ce4       0x18 zephyr/arch/arch/arm/core/mpu/libarch__arm__core__mpu.a(arm_mpu.c.obj)
                0x0000000008002ce4                arm_core_mpu_enable
 .text.arm_core_mpu_disable
                0x0000000008002cfc       0x14 zephyr/arch/arch/arm/core/mpu/libarch__arm__core__mpu.a(arm_mpu.c.obj)
                0x0000000008002cfc                arm_core_mpu_disable
 .text.arm_core_mpu_configure_static_mpu_regions
                0x0000000008002d10       0x14 zephyr/arch/arch/arm/core/mpu/libarch__arm__core__mpu.a(arm_mpu.c.obj)
                0x0000000008002d10                arm_core_mpu_configure_static_mpu_regions
 .text.arm_core_mpu_configure_dynamic_mpu_regions
                0x0000000008002d24       0x38 zephyr/arch/arch/arm/core/mpu/libarch__arm__core__mpu.a(arm_mpu.c.obj)
                0x0000000008002d24                arm_core_mpu_configure_dynamic_mpu_regions
 .text.z_arm_mpu_init
                0x0000000008002d5c      0x168 zephyr/arch/arch/arm/core/mpu/libarch__arm__core__mpu.a(arm_mpu.c.obj)
                0x0000000008002d5c                z_arm_mpu_init
 .text.z_impl_zephyr_fputc
                0x0000000008002ec4       0x10 zephyr/lib/libc/picolibc/liblib__libc__picolibc.a(libc-hooks.c.obj)
                0x0000000008002ec4                z_impl_zephyr_fputc
 .text.__stdout_hook_install
                0x0000000008002ed4       0x18 zephyr/lib/libc/picolibc/liblib__libc__picolibc.a(libc-hooks.c.obj)
                0x0000000008002ed4                __stdout_hook_install
 .text.cbvprintf
                0x0000000008002eec       0x38 zephyr/lib/libc/picolibc/liblib__libc__picolibc.a(libc-hooks.c.obj)
                0x0000000008002eec                cbvprintf
 .text.malloc_prepare
                0x0000000008002f24       0x24 zephyr/lib/libc/common/liblib__libc__common.a(malloc.c.obj)
 .text.getopt_init
                0x0000000008002f48       0x48 zephyr/lib/posix/options/liblib__posix__options.a(getopt.c.obj)
                0x0000000008002f48                getopt_init
 .text.getopt   0x0000000008002f90       0xf8 zephyr/lib/posix/options/liblib__posix__options.a(getopt.c.obj)
                0x0000000008002f90                getopt
 .text.z_getopt_global_state_update
                0x0000000008003088       0x34 zephyr/lib/posix/options/liblib__posix__options.a(getopt_common.c.obj)
                0x0000000008003088                z_getopt_global_state_update
 .text.getopt_state_get
                0x00000000080030bc        0x8 zephyr/lib/posix/options/liblib__posix__options.a(getopt_common.c.obj)
                0x00000000080030bc                getopt_state_get
 .text.stm32_exti_isr
                0x00000000080030c4       0x4c zephyr/drivers/interrupt_controller/libdrivers__interrupt_controller.a(intc_exti_stm32.c.obj)
 .text.stm32_fill_irq_table
                0x0000000008003110       0x18 zephyr/drivers/interrupt_controller/libdrivers__interrupt_controller.a(intc_exti_stm32.c.obj)
 .text.stm32_exti_init
                0x0000000008003128       0xb4 zephyr/drivers/interrupt_controller/libdrivers__interrupt_controller.a(intc_exti_stm32.c.obj)
 .text.stm32_gpio_intc_enable_line
                0x00000000080031dc       0x2c zephyr/drivers/interrupt_controller/libdrivers__interrupt_controller.a(intc_exti_stm32.c.obj)
                0x00000000080031dc                stm32_gpio_intc_enable_line
 .text.stm32_gpio_intc_disable_line
                0x0000000008003208       0x10 zephyr/drivers/interrupt_controller/libdrivers__interrupt_controller.a(intc_exti_stm32.c.obj)
                0x0000000008003208                stm32_gpio_intc_disable_line
 .text.stm32_gpio_intc_select_line_trigger
                0x0000000008003218       0x50 zephyr/drivers/interrupt_controller/libdrivers__interrupt_controller.a(intc_exti_stm32.c.obj)
                0x0000000008003218                stm32_gpio_intc_select_line_trigger
 .text.stm32_gpio_intc_set_irq_callback
                0x0000000008003268       0x40 zephyr/drivers/interrupt_controller/libdrivers__interrupt_controller.a(intc_exti_stm32.c.obj)
                0x0000000008003268                stm32_gpio_intc_set_irq_callback
 .text.stm32_gpio_intc_remove_irq_callback
                0x00000000080032a8       0x24 zephyr/drivers/interrupt_controller/libdrivers__interrupt_controller.a(intc_exti_stm32.c.obj)
                0x00000000080032a8                stm32_gpio_intc_remove_irq_callback
 .text.stm32_exti_get_line_src_port
                0x00000000080032cc       0x34 zephyr/drivers/interrupt_controller/libdrivers__interrupt_controller.a(intc_exti_stm32.c.obj)
                0x00000000080032cc                stm32_exti_get_line_src_port
 .text.LL_RCC_HSI_IsReady
                0x0000000008003300       0x10 zephyr/drivers/clock_control/libdrivers__clock_control.a(clock_stm32_ll_common.c.obj)
 .text.stm32_clock_control_get_subsys_rate
                0x0000000008003310       0x94 zephyr/drivers/clock_control/libdrivers__clock_control.a(clock_stm32_ll_common.c.obj)
 .text.stm32_clock_control_init
                0x00000000080033a4      0x140 zephyr/drivers/clock_control/libdrivers__clock_control.a(clock_stm32_ll_common.c.obj)
                0x00000000080033a4                stm32_clock_control_init
 .text.get_pllsrc_frequency
                0x00000000080034e4        0x8 zephyr/drivers/clock_control/libdrivers__clock_control.a(clock_stm32l4_l5_wb_wl.c.obj)
                0x00000000080034e4                get_pllsrc_frequency
 .text.config_pll_sysclock
                0x00000000080034ec       0x24 zephyr/drivers/clock_control/libdrivers__clock_control.a(clock_stm32l4_l5_wb_wl.c.obj)
                0x00000000080034ec                config_pll_sysclock
 .text.config_enable_default_clocks
                0x0000000008003510       0x20 zephyr/drivers/clock_control/libdrivers__clock_control.a(clock_stm32l4_l5_wb_wl.c.obj)
                0x0000000008003510                config_enable_default_clocks
 .text.uart_console_init
                0x0000000008003530       0x28 zephyr/drivers/console/libdrivers__console.a(uart_console.c.obj)
 .text.console_out
                0x0000000008003558       0x28 zephyr/drivers/console/libdrivers__console.a(uart_console.c.obj)
 .text.gpio_stm32_pin_interrupt_configure
                0x0000000008003580       0xb0 zephyr/drivers/gpio/libdrivers__gpio.a(gpio_stm32.c.obj)
 .text.gpio_stm32_init
                0x0000000008003630       0x3c zephyr/drivers/gpio/libdrivers__gpio.a(gpio_stm32.c.obj)
 .text.pinctrl_configure_pins
                0x000000000800366c       0x84 zephyr/drivers/pinctrl/libdrivers__pinctrl.a(pinctrl_stm32.c.obj)
                0x000000000800366c                pinctrl_configure_pins
 .text.uart_stm32_cfg2ll_stopbits
                0x00000000080036f0       0x38 zephyr/drivers/serial/libdrivers__serial.a(uart_stm32.c.obj)
 .text.uart_stm32_irq_err_enable
                0x0000000008003728       0x60 zephyr/drivers/serial/libdrivers__serial.a(uart_stm32.c.obj)
 .text.uart_stm32_irq_err_disable
                0x0000000008003788       0x60 zephyr/drivers/serial/libdrivers__serial.a(uart_stm32.c.obj)
 .text.uart_stm32_set_baudrate
                0x00000000080037e8       0x6c zephyr/drivers/serial/libdrivers__serial.a(uart_stm32.c.obj)
 .text.uart_stm32_init
                0x0000000008003854      0x14c zephyr/drivers/serial/libdrivers__serial.a(uart_stm32.c.obj)
 .text.uart_stm32_configure
                0x00000000080039a0      0x100 zephyr/drivers/serial/libdrivers__serial.a(uart_stm32.c.obj)
 .text.elapsed  0x0000000008003aa0       0x4c zephyr/drivers/timer/libdrivers__timer.a(cortex_m_systick.c.obj)
 .text.sys_clock_driver_init
                0x0000000008003aec       0x38 zephyr/drivers/timer/libdrivers__timer.a(cortex_m_systick.c.obj)
 .text.sys_clock_isr
                0x0000000008003b24       0x60 zephyr/drivers/timer/libdrivers__timer.a(cortex_m_systick.c.obj)
                0x0000000008003b24                sys_clock_isr
 .text.sys_clock_set_timeout
                0x0000000008003b84       0xf8 zephyr/drivers/timer/libdrivers__timer.a(cortex_m_systick.c.obj)
                0x0000000008003b84                sys_clock_set_timeout
 .text.sys_clock_elapsed
                0x0000000008003c7c       0x3c zephyr/drivers/timer/libdrivers__timer.a(cortex_m_systick.c.obj)
                0x0000000008003c7c                sys_clock_elapsed
 .text.sys_clock_cycle_get_32
                0x0000000008003cb8       0x28 zephyr/drivers/timer/libdrivers__timer.a(cortex_m_systick.c.obj)
                0x0000000008003cb8                sys_clock_cycle_get_32
 .text.HAL_RCC_GetSysClockFreq
                0x0000000008003ce0       0x9c modules/hal_stm32/stm32cube/lib..__modules__hal__stm32__stm32cube.a(stm32l4xx_hal_rcc.c.obj)
                0x0000000008003ce0                HAL_RCC_GetSysClockFreq
 .text.LL_SetFlashLatency
                0x0000000008003d7c       0xa8 modules/hal_stm32/stm32cube/lib..__modules__hal__stm32__stm32cube.a(stm32l4xx_ll_utils.c.obj)
                0x0000000008003d7c                LL_SetFlashLatency
 .text.z_device_get_all_static
                0x0000000008003e24       0x18 zephyr/kernel/libkernel.a(device.c.obj)
                0x0000000008003e24                z_device_get_all_static
 .text.z_fatal_error
                0x0000000008003e3c       0x30 zephyr/kernel/libkernel.a(fatal.c.obj)
                0x0000000008003e3c                z_fatal_error
 .text.z_sys_init_run_level
                0x0000000008003e6c       0x2c zephyr/kernel/libkernel.a(init.c.obj)
 .text.bg_thread_main
                0x0000000008003e98       0xc4 zephyr/kernel/libkernel.a(init.c.obj)
 .text.z_bss_zero
                0x0000000008003f5c       0x18 zephyr/kernel/libkernel.a(init.c.obj)
                0x0000000008003f5c                z_bss_zero
 .text.z_init_cpu
                0x0000000008003f74       0x78 zephyr/kernel/libkernel.a(init.c.obj)
                0x0000000008003f74                z_init_cpu
 .text.z_cstart
                0x0000000008003fec       0xdc zephyr/kernel/libkernel.a(init.c.obj)
                0x0000000008003fec                z_cstart
 .text.z_impl_k_mutex_lock
                0x00000000080040c8       0xf0 zephyr/kernel/libkernel.a(mutex.c.obj)
                0x00000000080040c8                z_impl_k_mutex_lock
 .text.z_impl_k_mutex_unlock
                0x00000000080041b8       0x78 zephyr/kernel/libkernel.a(mutex.c.obj)
                0x00000000080041b8                z_impl_k_mutex_unlock
 .text.z_impl_k_sem_give
                0x0000000008004230       0x4c zephyr/kernel/libkernel.a(sem.c.obj)
                0x0000000008004230                z_impl_k_sem_give
 .text.z_impl_k_thread_name_set
                0x000000000800427c       0x20 zephyr/kernel/libkernel.a(thread.c.obj)
                0x000000000800427c                z_impl_k_thread_name_set
 .text.k_thread_state_str
                0x000000000800429c       0x90 zephyr/kernel/libkernel.a(thread.c.obj)
                0x000000000800429c                k_thread_state_str
 .text.z_setup_new_thread
                0x000000000800432c       0xf8 zephyr/kernel/libkernel.a(thread.c.obj)
                0x000000000800432c                z_setup_new_thread
 .text.z_impl_k_thread_create
                0x0000000008004424       0x58 zephyr/kernel/libkernel.a(thread.c.obj)
                0x0000000008004424                z_impl_k_thread_create
 .text.unready_thread
                0x000000000800447c       0x54 zephyr/kernel/libkernel.a(sched.c.obj)
 .text.ready_thread
                0x00000000080044d0       0x8c zephyr/kernel/libkernel.a(sched.c.obj)
 .text.z_thread_halt
                0x000000000800455c      0x114 zephyr/kernel/libkernel.a(sched.c.obj)
 .text.move_thread_to_end_of_prio_q
                0x0000000008004670       0x94 zephyr/kernel/libkernel.a(sched.c.obj)
                0x0000000008004670                move_thread_to_end_of_prio_q
 .text.z_pend_curr
                0x0000000008004704       0x58 zephyr/kernel/libkernel.a(sched.c.obj)
                0x0000000008004704                z_pend_curr
 .text.z_thread_prio_set
                0x000000000800475c       0x9c zephyr/kernel/libkernel.a(sched.c.obj)
                0x000000000800475c                z_thread_prio_set
 .text.z_reschedule
                0x00000000080047f8       0x24 zephyr/kernel/libkernel.a(sched.c.obj)
                0x00000000080047f8                z_reschedule
 .text.z_sched_start
                0x000000000800481c       0x3c zephyr/kernel/libkernel.a(sched.c.obj)
                0x000000000800481c                z_sched_start
 .text.z_reschedule_irqlock
                0x0000000008004858       0x28 zephyr/kernel/libkernel.a(sched.c.obj)
                0x0000000008004858                z_reschedule_irqlock
 .text.k_sched_lock
                0x0000000008004880       0x28 zephyr/kernel/libkernel.a(sched.c.obj)
                0x0000000008004880                k_sched_lock
 .text.k_sched_unlock
                0x00000000080048a8       0x68 zephyr/kernel/libkernel.a(sched.c.obj)
                0x00000000080048a8                k_sched_unlock
 .text.z_sched_init
                0x0000000008004910       0x10 zephyr/kernel/libkernel.a(sched.c.obj)
                0x0000000008004910                z_sched_init
 .text.z_impl_k_yield
                0x0000000008004920       0x8c zephyr/kernel/libkernel.a(sched.c.obj)
                0x0000000008004920                z_impl_k_yield
 .text.z_tick_sleep
                0x00000000080049ac       0x88 zephyr/kernel/libkernel.a(sched.c.obj)
 .text.z_impl_k_sleep
                0x0000000008004a34       0x3c zephyr/kernel/libkernel.a(sched.c.obj)
                0x0000000008004a34                z_impl_k_sleep
 .text.z_impl_k_sched_current_thread_query
                0x0000000008004a70        0xc zephyr/kernel/libkernel.a(sched.c.obj)
                0x0000000008004a70                z_impl_k_sched_current_thread_query
 .text.z_sched_wait
                0x0000000008004a7c       0x24 zephyr/kernel/libkernel.a(sched.c.obj)
                0x0000000008004a7c                z_sched_wait
 .text.slice_timeout
                0x0000000008004aa0       0x20 zephyr/kernel/libkernel.a(timeslicing.c.obj)
 .text.thread_is_sliceable
                0x0000000008004ac0       0x3c zephyr/kernel/libkernel.a(timeslicing.c.obj)
                0x0000000008004ac0                thread_is_sliceable
 .text.z_reset_time_slice
                0x0000000008004afc       0x50 zephyr/kernel/libkernel.a(timeslicing.c.obj)
                0x0000000008004afc                z_reset_time_slice
 .text.z_time_slice
                0x0000000008004b4c       0x60 zephyr/kernel/libkernel.a(timeslicing.c.obj)
                0x0000000008004b4c                z_time_slice
 .text.z_thread_monitor_exit
                0x0000000008004bac       0x3c zephyr/kernel/libkernel.a(thread_monitor.c.obj)
                0x0000000008004bac                z_thread_monitor_exit
 .text.k_thread_foreach_unlocked
                0x0000000008004be8       0x48 zephyr/kernel/libkernel.a(thread_monitor.c.obj)
                0x0000000008004be8                k_thread_foreach_unlocked
 .text.z_data_copy
                0x0000000008004c30       0x34 zephyr/kernel/libkernel.a(xip.c.obj)
                0x0000000008004c30                z_data_copy
 .text.elapsed  0x0000000008004c64       0x14 zephyr/kernel/libkernel.a(timeout.c.obj)
 .text.remove_timeout
                0x0000000008004c78       0x38 zephyr/kernel/libkernel.a(timeout.c.obj)
 .text.next_timeout
                0x0000000008004cb0       0x40 zephyr/kernel/libkernel.a(timeout.c.obj)
 .text.z_add_timeout
                0x0000000008004cf0       0xf4 zephyr/kernel/libkernel.a(timeout.c.obj)
                0x0000000008004cf0                z_add_timeout
 .text.sys_clock_announce
                0x0000000008004de4       0xd0 zephyr/kernel/libkernel.a(timeout.c.obj)
                0x0000000008004de4                sys_clock_announce
 .text.sys_clock_tick_get
                0x0000000008004eb4       0x30 zephyr/kernel/libkernel.a(timeout.c.obj)
                0x0000000008004eb4                sys_clock_tick_get
 .text.z_impl_k_poll
                0x0000000008004ee4       0xb0 zephyr/kernel/libkernel.a(poll.c.obj)
                0x0000000008004ee4                z_impl_k_poll
 .text.z_impl_k_poll_signal_raise
                0x0000000008004f94       0x50 zephyr/kernel/libkernel.a(poll.c.obj)
                0x0000000008004f94                z_impl_k_poll_signal_raise
 .text.boot_banner
                0x0000000008004fe4        0xc zephyr/kernel/libkernel.a(banner.c.obj)
                0x0000000008004fe4                boot_banner
 .text.k_sys_work_q_init
                0x0000000008004ff0       0x34 zephyr/kernel/libkernel.a(system_work_q.c.obj)
 .text.work_queue_main
                0x0000000008005024      0x144 zephyr/kernel/libkernel.a(work.c.obj)
 .text.submit_to_queue_locked
                0x0000000008005168       0xb4 zephyr/kernel/libkernel.a(work.c.obj)
 .text.k_work_queue_start
                0x000000000800521c       0x7c zephyr/kernel/libkernel.a(work.c.obj)
                0x000000000800521c                k_work_queue_start
 .text.printf   0x0000000008005298       0x24 /home/golden-devadhas/zephyr-sdk-0.16.5-1/arm-zephyr-eabi/bin/../lib/gcc/../../picolibc/arm-zephyr-eabi/lib/thumb/v7e-m/nofp/libc.a(libc_tinystdio_printf.c.o)
                0x0000000008005298                printf
 .text.snprintf
                0x00000000080052bc       0x58 /home/golden-devadhas/zephyr-sdk-0.16.5-1/arm-zephyr-eabi/bin/../lib/gcc/../../picolibc/arm-zephyr-eabi/lib/thumb/v7e-m/nofp/libc.a(libc_tinystdio_snprintf.c.o)
                0x00000000080052bc                snprintf
 .text.strtol   0x0000000008005314       0xec /home/golden-devadhas/zephyr-sdk-0.16.5-1/arm-zephyr-eabi/bin/../lib/gcc/../../picolibc/arm-zephyr-eabi/lib/thumb/v7e-m/nofp/libc.a(libc_tinystdio_strtol.c.o)
                0x0000000008005314                strtol
 .text.strtoul  0x0000000008005400       0xcc /home/golden-devadhas/zephyr-sdk-0.16.5-1/arm-zephyr-eabi/bin/../lib/gcc/../../picolibc/arm-zephyr-eabi/lib/thumb/v7e-m/nofp/libc.a(libc_tinystdio_strtoul.c.o)
                0x0000000008005400                strtoul
 .text.__l_vfprintf
                0x00000000080054cc      0x4b8 /home/golden-devadhas/zephyr-sdk-0.16.5-1/arm-zephyr-eabi/bin/../lib/gcc/../../picolibc/arm-zephyr-eabi/lib/thumb/v7e-m/nofp/libc.a(libc_tinystdio_vflprintf.c.o)
                0x00000000080054cc                __l_vfprintf
 .text._OffsetAbsSyms
                0x0000000008005984        0x2 zephyr/CMakeFiles/offsets.dir/./arch/arm/core/offsets/offsets.c.obj
                0x0000000008005984                _OffsetAbsSyms
 .text.chunk_field
                0x0000000008005986       0x16 zephyr/libzephyr.a(heap.c.obj)
 .text.chunk_set
                0x000000000800599c       0x16 zephyr/libzephyr.a(heap.c.obj)
 .text.chunk_size
                0x00000000080059b2        0xc zephyr/libzephyr.a(heap.c.obj)
 .text.set_chunk_used
                0x00000000080059be       0x30 zephyr/libzephyr.a(heap.c.obj)
 .text.set_chunk_size
                0x00000000080059ee        0x8 zephyr/libzephyr.a(heap.c.obj)
 .text.bucket_idx.isra.0
                0x00000000080059f6       0x1c zephyr/libzephyr.a(heap.c.obj)
 .text.free_list_add
                0x0000000008005a12       0x84 zephyr/libzephyr.a(heap.c.obj)
 .text.sys_heap_init
                0x0000000008005a96       0xb0 zephyr/libzephyr.a(heap.c.obj)
                0x0000000008005a96                sys_heap_init
 .text.arch_printk_char_out
                0x0000000008005b46        0x4 zephyr/libzephyr.a(printk.c.obj)
                0x0000000008005b46                arch_printk_char_out
 .text.printk   0x0000000008005b4a       0x1a zephyr/libzephyr.a(printk.c.obj)
                0x0000000008005b4a                printk
 .text.ring_buf_put_claim
                0x0000000008005b64       0x3e zephyr/libzephyr.a(ring_buffer.c.obj)
                0x0000000008005b64                ring_buf_put_claim
 .text.ring_buf_put_finish
                0x0000000008005ba2       0x2a zephyr/libzephyr.a(ring_buffer.c.obj)
                0x0000000008005ba2                ring_buf_put_finish
 .text.ring_buf_put
                0x0000000008005bcc       0x3e zephyr/libzephyr.a(ring_buffer.c.obj)
                0x0000000008005bcc                ring_buf_put
 .text.ring_buf_get_claim
                0x0000000008005c0a       0x40 zephyr/libzephyr.a(ring_buffer.c.obj)
                0x0000000008005c0a                ring_buf_get_claim
 .text.ring_buf_get_finish
                0x0000000008005c4a       0x2a zephyr/libzephyr.a(ring_buffer.c.obj)
                0x0000000008005c4a                ring_buf_get_finish
 .text.ring_buf_get
                0x0000000008005c74       0x40 zephyr/libzephyr.a(ring_buffer.c.obj)
                0x0000000008005c74                ring_buf_get
 .text._ConfigAbsSyms
                0x0000000008005cb4        0x2 zephyr/libzephyr.a(configs.c.obj)
                0x0000000008005cb4                _ConfigAbsSyms
 .text.uart_irq_tx_disable
                0x0000000008005cb6        0xa zephyr/libzephyr.a(shell_uart.c.obj)
 .text.enable   0x0000000008005cc0       0x12 zephyr/libzephyr.a(shell_uart.c.obj)
 .text.read_uart
                0x0000000008005cd2       0x12 zephyr/libzephyr.a(shell_uart.c.obj)
 .text.uninit   0x0000000008005ce4       0x20 zephyr/libzephyr.a(shell_uart.c.obj)
 .text.write_uart
                0x0000000008005d04       0x6c zephyr/libzephyr.a(shell_uart.c.obj)
 .text.uart_callback
                0x0000000008005d70       0xe2 zephyr/libzephyr.a(shell_uart.c.obj)
 .text.cmd_buffer_clear
                0x0000000008005e52       0x16 zephyr/libzephyr.a(shell.c.obj)
 .text.atomic_or
                0x0000000008005e68       0x1e zephyr/libzephyr.a(shell.c.obj)
 .text.atomic_and
                0x0000000008005e86       0x1e zephyr/libzephyr.a(shell.c.obj)
 .text.k_mutex_lock
                0x0000000008005ea4        0x4 zephyr/libzephyr.a(shell.c.obj)
 .text.shell_signal_handle
                0x0000000008005ea8       0x2c zephyr/libzephyr.a(shell.c.obj)
 .text.z_shell_raw_fprintf
                0x0000000008005ed4       0x1a zephyr/libzephyr.a(shell.c.obj)
 .text.z_shell_strlen
                0x0000000008005eee        0xc zephyr/libzephyr.a(shell.c.obj)
 .text.transport_evt_handler
                0x0000000008005efa       0x14 zephyr/libzephyr.a(shell.c.obj)
 .text.z_flag_cmd_ctx_set.isra.0
                0x0000000008005f0e       0x16 zephyr/libzephyr.a(shell.c.obj)
 .text.z_flag_history_exit_set.isra.0
                0x0000000008005f24       0x14 zephyr/libzephyr.a(shell.c.obj)
 .text.z_flag_insert_mode_set.isra.0
                0x0000000008005f38       0x1e zephyr/libzephyr.a(shell.c.obj)
 .text.k_mutex_unlock.isra.0
                0x0000000008005f56        0x4 zephyr/libzephyr.a(shell.c.obj)
 .text.shell_start
                0x0000000008005f5a       0x4a zephyr/libzephyr.a(shell.c.obj)
                0x0000000008005f5a                shell_start
 .text.shell_vfprintf
                0x0000000008005fa4       0x8a zephyr/libzephyr.a(shell.c.obj)
                0x0000000008005fa4                shell_vfprintf
 .text.shell_fprintf_impl
                0x000000000800602e       0x1a zephyr/libzephyr.a(shell.c.obj)
                0x000000000800602e                shell_fprintf_impl
 .text.shell_fprintf_normal
                0x0000000008006048       0x1c zephyr/libzephyr.a(shell.c.obj)
                0x0000000008006048                shell_fprintf_normal
 .text.shell_fprintf_warn
                0x0000000008006064       0x1c zephyr/libzephyr.a(shell.c.obj)
                0x0000000008006064                shell_fprintf_warn
 .text.shell_fprintf_error
                0x0000000008006080       0x1c zephyr/libzephyr.a(shell.c.obj)
                0x0000000008006080                shell_fprintf_error
 .text.shell_prompt_change
                0x000000000800609c       0x5a zephyr/libzephyr.a(shell.c.obj)
                0x000000000800609c                shell_prompt_change
 .text.shell_get_return_value
                0x00000000080060f6       0x10 zephyr/libzephyr.a(shell.c.obj)
                0x00000000080060f6                shell_get_return_value
 .text.shell_set_bypass
                0x0000000008006106        0xc zephyr/libzephyr.a(shell.c.obj)
                0x0000000008006106                shell_set_bypass
 .text.z_shell_fprintf_buffer_flush
                0x0000000008006112       0x18 zephyr/libzephyr.a(shell_fprintf.c.obj)
                0x0000000008006112                z_shell_fprintf_buffer_flush
 .text.out_func
                0x000000000800612a       0x3c zephyr/libzephyr.a(shell_fprintf.c.obj)
 .text.z_shell_strlen
                0x0000000008006166        0xc zephyr/libzephyr.a(shell_utils.c.obj)
 .text.z_column_span_with_buffer_offsets_get
                0x0000000008006172       0x1e zephyr/libzephyr.a(shell_utils.c.obj)
                0x0000000008006172                z_column_span_with_buffer_offsets_get
 .text.z_row_span_with_buffer_offsets_get
                0x0000000008006190       0x16 zephyr/libzephyr.a(shell_utils.c.obj)
                0x0000000008006190                z_row_span_with_buffer_offsets_get
 .text.z_shell_multiline_data_calc
                0x00000000080061a6       0x2c zephyr/libzephyr.a(shell_utils.c.obj)
                0x00000000080061a6                z_shell_multiline_data_calc
 .text.z_shell_make_argv
                0x00000000080061d2      0x1a0 zephyr/libzephyr.a(shell_utils.c.obj)
                0x00000000080061d2                z_shell_make_argv
 .text.z_shell_pattern_remove
                0x0000000008006372       0x4e zephyr/libzephyr.a(shell_utils.c.obj)
                0x0000000008006372                z_shell_pattern_remove
 .text.z_shell_find_cmd
                0x00000000080063c0       0x56 zephyr/libzephyr.a(shell_utils.c.obj)
                0x00000000080063c0                z_shell_find_cmd
 .text.z_shell_get_last_command
                0x0000000008006416       0x5c zephyr/libzephyr.a(shell_utils.c.obj)
                0x0000000008006416                z_shell_get_last_command
 .text.z_shell_spaces_trim
                0x0000000008006472       0x62 zephyr/libzephyr.a(shell_utils.c.obj)
                0x0000000008006472                z_shell_spaces_trim
 .text.z_shell_cmd_trim
                0x00000000080064d4       0x76 zephyr/libzephyr.a(shell_utils.c.obj)
                0x00000000080064d4                z_shell_cmd_trim
 .text.z_shell_raw_fprintf
                0x000000000800654a       0x1a zephyr/libzephyr.a(shell_ops.c.obj)
 .text.full_line_cmd.isra.0
                0x0000000008006564       0x24 zephyr/libzephyr.a(shell_ops.c.obj)
 .text.z_shell_cursor_in_empty_line
                0x0000000008006588       0x2e zephyr/libzephyr.a(shell_ops.c.obj)
                0x0000000008006588                z_shell_cursor_in_empty_line
 .text.z_shell_op_cond_next_line
                0x00000000080065b6       0x1e zephyr/libzephyr.a(shell_ops.c.obj)
                0x00000000080065b6                z_shell_op_cond_next_line
 .text.z_shell_op_cursor_position_synchronize
                0x00000000080065d4       0x4a zephyr/libzephyr.a(shell_ops.c.obj)
                0x00000000080065d4                z_shell_op_cursor_position_synchronize
 .text.z_shell_op_cursor_move
                0x000000000800661e       0x52 zephyr/libzephyr.a(shell_ops.c.obj)
                0x000000000800661e                z_shell_op_cursor_move
 .text.z_shell_op_cursor_word_move
                0x0000000008006670       0x7c zephyr/libzephyr.a(shell_ops.c.obj)
                0x0000000008006670                z_shell_op_cursor_word_move
 .text.z_shell_op_cursor_home_move
                0x00000000080066ec        0xe zephyr/libzephyr.a(shell_ops.c.obj)
                0x00000000080066ec                z_shell_op_cursor_home_move
 .text.z_shell_op_cursor_end_move
                0x00000000080066fa       0x12 zephyr/libzephyr.a(shell_ops.c.obj)
                0x00000000080066fa                z_shell_op_cursor_end_move
 .text.z_shell_op_left_arrow
                0x000000000800670c       0x12 zephyr/libzephyr.a(shell_ops.c.obj)
                0x000000000800670c                z_shell_op_left_arrow
 .text.z_shell_op_right_arrow
                0x000000000800671e       0x16 zephyr/libzephyr.a(shell_ops.c.obj)
                0x000000000800671e                z_shell_op_right_arrow
 .text.z_shell_op_delete_from_cursor
                0x0000000008006734       0x1c zephyr/libzephyr.a(shell_ops.c.obj)
                0x0000000008006734                z_shell_op_delete_from_cursor
 .text.z_shell_cmd_line_erase
                0x0000000008006750       0x38 zephyr/libzephyr.a(shell_ops.c.obj)
                0x0000000008006750                z_shell_cmd_line_erase
 .text.z_shell_write
                0x0000000008006788       0x88 zephyr/libzephyr.a(shell_ops.c.obj)
                0x0000000008006788                z_shell_write
 .text.z_shell_print_stream
                0x0000000008006810        0x4 zephyr/libzephyr.a(shell_ops.c.obj)
                0x0000000008006810                z_shell_print_stream
 .text.z_shell_vfprintf
                0x0000000008006814       0x4a zephyr/libzephyr.a(shell_ops.c.obj)
                0x0000000008006814                z_shell_vfprintf
 .text.z_shell_fprintf
                0x000000000800685e       0x1a zephyr/libzephyr.a(shell_ops.c.obj)
                0x000000000800685e                z_shell_fprintf
 .text.data_insert
                0x0000000008006878       0x74 zephyr/libzephyr.a(shell_ops.c.obj)
 .text.z_shell_op_completion_insert
                0x00000000080068ec        0x4 zephyr/libzephyr.a(shell_ops.c.obj)
                0x00000000080068ec                z_shell_op_completion_insert
 .text.z_shell_op_char_delete
                0x00000000080068f0       0x3e zephyr/libzephyr.a(shell_ops.c.obj)
                0x00000000080068f0                z_shell_op_char_delete
 .text.z_shell_op_char_backspace
                0x000000000800692e       0x26 zephyr/libzephyr.a(shell_ops.c.obj)
                0x000000000800692e                z_shell_op_char_backspace
 .text.z_shell_backend_rx_buffer_flush
                0x0000000008006954       0x2a zephyr/libzephyr.a(shell_ops.c.obj)
                0x0000000008006954                z_shell_backend_rx_buffer_flush
 .text.z_shell_raw_fprintf
                0x000000000800697e       0x1a zephyr/libzephyr.a(shell_help.c.obj)
 .text.formatted_text_print.constprop.0
                0x0000000008006998       0xe2 zephyr/libzephyr.a(shell_help.c.obj)
 .text.cmd_comment
                0x0000000008006a7a        0x4 zephyr/libzephyr.a(shell_cmds.c.obj)
 .text.cmd_shell_stats_reset
                0x0000000008006a7e        0x8 zephyr/libzephyr.a(shell_cmds.c.obj)
 .text.z_shell_raw_fprintf
                0x0000000008006a86       0x1a zephyr/libzephyr.a(shell_cmds.c.obj)
 .text.cmd_prompt_on
                0x0000000008006aa0        0xc zephyr/libzephyr.a(shell_cmds.c.obj)
 .text.cmd_vt100_off
                0x0000000008006aac       0x22 zephyr/libzephyr.a(shell_cmds.c.obj)
 .text.cmd_bacskpace_mode_delete
                0x0000000008006ace       0x22 zephyr/libzephyr.a(shell_cmds.c.obj)
 .text.cmd_colors_off
                0x0000000008006af0       0x22 zephyr/libzephyr.a(shell_cmds.c.obj)
 .text.cmd_bacskpace_mode_backspace
                0x0000000008006b12       0x22 zephyr/libzephyr.a(shell_cmds.c.obj)
 .text.cmd_echo_off
                0x0000000008006b34       0x22 zephyr/libzephyr.a(shell_cmds.c.obj)
 .text.cmd_colors_on
                0x0000000008006b56       0x22 zephyr/libzephyr.a(shell_cmds.c.obj)
 .text.cmd_vt100_on
                0x0000000008006b78       0x22 zephyr/libzephyr.a(shell_cmds.c.obj)
 .text.cmd_echo_on
                0x0000000008006b9a       0x22 zephyr/libzephyr.a(shell_cmds.c.obj)
 .text.remove_from_tail.part.0
                0x0000000008006bbc       0x24 zephyr/libzephyr.a(shell_history.c.obj)
 .text.z_shell_history_mode_exit
                0x0000000008006be0        0x6 zephyr/libzephyr.a(shell_history.c.obj)
                0x0000000008006be0                z_shell_history_mode_exit
 .text.z_shell_history_get
                0x0000000008006be6       0x56 zephyr/libzephyr.a(shell_history.c.obj)
                0x0000000008006be6                z_shell_history_get
 .text.z_shell_history_purge
                0x0000000008006c3c       0x18 zephyr/libzephyr.a(shell_history.c.obj)
                0x0000000008006c3c                z_shell_history_purge
 .text.z_shell_history_put
                0x0000000008006c54       0xd0 zephyr/libzephyr.a(shell_history.c.obj)
                0x0000000008006c54                z_shell_history_put
 .text.z_shell_history_init
                0x0000000008006d24        0xc zephyr/libzephyr.a(shell_history.c.obj)
                0x0000000008006d24                z_shell_history_init
 .text.z_shell_has_wildcard
                0x0000000008006d30       0x28 zephyr/libzephyr.a(shell_wildcard.c.obj)
                0x0000000008006d30                z_shell_has_wildcard
 .text.z_shell_wildcard_prepare
                0x0000000008006d58       0x42 zephyr/libzephyr.a(shell_wildcard.c.obj)
                0x0000000008006d58                z_shell_wildcard_prepare
 .text.z_shell_wildcard_finalize
                0x0000000008006d9a       0x20 zephyr/libzephyr.a(shell_wildcard.c.obj)
                0x0000000008006d9a                z_shell_wildcard_finalize
 .text.z_arm_fatal_error
                0x0000000008006dba        0xc zephyr/arch/arch/arm/core/libarch__arm__core.a(fatal.c.obj)
                0x0000000008006dba                z_arm_fatal_error
 .text.z_do_kernel_oops
                0x0000000008006dc6        0x8 zephyr/arch/arch/arm/core/libarch__arm__core.a(fatal.c.obj)
                0x0000000008006dc6                z_do_kernel_oops
 .text.z_arm_nmi
                0x0000000008006dce        0xe zephyr/arch/arch/arm/core/libarch__arm__core.a(nmi.c.obj)
                0x0000000008006dce                z_arm_nmi
 .text.z_irq_spurious
                0x0000000008006ddc        0x8 zephyr/arch/arch/arm/core/cortex_m/libarch__arm__core__cortex_m.a(irq_manage.c.obj)
                0x0000000008006ddc                z_irq_spurious
 .text.arch_irq_unlock_outlined
                0x0000000008006de4        0xe zephyr/arch/arch/arm/core/cortex_m/libarch__arm__core__cortex_m.a(thread.c.obj)
                0x0000000008006de4                arch_irq_unlock_outlined
 .text.arch_cpu_idle
                0x0000000008006df2       0x1a zephyr/arch/arch/arm/core/cortex_m/libarch__arm__core__cortex_m.a(cpu_idle.c.obj)
                0x0000000008006df2                arch_cpu_idle
 .text.size_to_mpu_rasr_size
                0x0000000008006e0c       0x20 zephyr/arch/arch/arm/core/mpu/libarch__arm__core__mpu.a(arm_mpu.c.obj)
 .text.cbputc   0x0000000008006e2c        0xc zephyr/lib/libc/picolibc/liblib__libc__picolibc.a(libc-hooks.c.obj)
 .text.picolibc_put
                0x0000000008006e38        0xa zephyr/lib/libc/picolibc/liblib__libc__picolibc.a(libc-hooks.c.obj)
 .text.foldcase
                0x0000000008006e42       0x10 zephyr/lib/posix/options/liblib__posix__options.a(fnmatch.c.obj)
 .text.fnmatchx
                0x0000000008006e52      0x23c zephyr/lib/posix/options/liblib__posix__options.a(fnmatch.c.obj)
 .text.fnmatch  0x000000000800708e        0x6 zephyr/lib/posix/options/liblib__posix__options.a(fnmatch.c.obj)
                0x000000000800708e                fnmatch
 .text.stm32_gpio_intc_get_pin_irq_line
                0x0000000008007094        0x6 zephyr/drivers/interrupt_controller/libdrivers__interrupt_controller.a(intc_exti_stm32.c.obj)
                0x0000000008007094                stm32_gpio_intc_get_pin_irq_line
 .text.stm32_exti_set_line_src_port
                0x000000000800709a       0x38 zephyr/drivers/interrupt_controller/libdrivers__interrupt_controller.a(intc_exti_stm32.c.obj)
                0x000000000800709a                stm32_exti_set_line_src_port
 .text.stm32_clock_control_on
                0x00000000080070d2       0x38 zephyr/drivers/clock_control/libdrivers__clock_control.a(clock_stm32_ll_common.c.obj)
 .text.stm32_clock_control_off
                0x000000000800710a       0x24 zephyr/drivers/clock_control/libdrivers__clock_control.a(clock_stm32_ll_common.c.obj)
 .text.enabled_clock
                0x000000000800712e       0x1e zephyr/drivers/clock_control/libdrivers__clock_control.a(clock_stm32_ll_common.c.obj)
                0x000000000800712e                enabled_clock
 .text.stm32_clock_control_configure
                0x000000000800714c       0x50 zephyr/drivers/clock_control/libdrivers__clock_control.a(clock_stm32_ll_common.c.obj)
 .text.stm32_clock_control_get_status
                0x000000000800719c       0x30 zephyr/drivers/clock_control/libdrivers__clock_control.a(clock_stm32_ll_common.c.obj)
 .text.config_regulator_voltage
                0x00000000080071cc        0x2 zephyr/drivers/clock_control/libdrivers__clock_control.a(clock_stm32_ll_common.c.obj)
                0x00000000080071cc                config_regulator_voltage
 .text.gpio_stm32_port_get_raw
                0x00000000080071ce        0xc zephyr/drivers/gpio/libdrivers__gpio.a(gpio_stm32.c.obj)
 .text.gpio_stm32_port_set_masked_raw
                0x00000000080071da       0x12 zephyr/drivers/gpio/libdrivers__gpio.a(gpio_stm32.c.obj)
 .text.gpio_stm32_port_set_bits_raw
                0x00000000080071ec        0xa zephyr/drivers/gpio/libdrivers__gpio.a(gpio_stm32.c.obj)
 .text.gpio_stm32_port_clear_bits_raw
                0x00000000080071f6        0xa zephyr/drivers/gpio/libdrivers__gpio.a(gpio_stm32.c.obj)
 .text.gpio_stm32_port_toggle_bits
                0x0000000008007200        0xe zephyr/drivers/gpio/libdrivers__gpio.a(gpio_stm32.c.obj)
 .text.gpio_stm32_manage_callback
                0x000000000800720e       0x52 zephyr/drivers/gpio/libdrivers__gpio.a(gpio_stm32.c.obj)
 .text.gpio_stm32_configure_raw.isra.0
                0x0000000008007260      0x106 zephyr/drivers/gpio/libdrivers__gpio.a(gpio_stm32.c.obj)
 .text.gpio_stm32_config
                0x0000000008007366      0x120 zephyr/drivers/gpio/libdrivers__gpio.a(gpio_stm32.c.obj)
 .text.gpio_stm32_isr
                0x0000000008007486       0x2c zephyr/drivers/gpio/libdrivers__gpio.a(gpio_stm32.c.obj)
 .text.gpio_stm32_configure
                0x00000000080074b2       0x2a zephyr/drivers/gpio/libdrivers__gpio.a(gpio_stm32.c.obj)
                0x00000000080074b2                gpio_stm32_configure
 .text.pinctrl_lookup_state
                0x00000000080074dc       0x26 zephyr/drivers/pinctrl/libdrivers__pinctrl.a(common.c.obj)
                0x00000000080074dc                pinctrl_lookup_state
 .text.reset_stm32_status
                0x0000000008007502       0x20 zephyr/drivers/reset/libdrivers__reset.a(reset_stm32.c.obj)
 .text.reset_stm32_line_assert
                0x0000000008007522       0x1c zephyr/drivers/reset/libdrivers__reset.a(reset_stm32.c.obj)
 .text.reset_stm32_line_deassert
                0x000000000800753e       0x1e zephyr/drivers/reset/libdrivers__reset.a(reset_stm32.c.obj)
 .text.reset_stm32_line_toggle
                0x000000000800755c       0x16 zephyr/drivers/reset/libdrivers__reset.a(reset_stm32.c.obj)
 .text.uart_stm32_ll2cfg_databits
                0x0000000008007572       0x2a zephyr/drivers/serial/libdrivers__serial.a(uart_stm32.c.obj)
 .text.uart_stm32_err_check
                0x000000000800759c       0x5a zephyr/drivers/serial/libdrivers__serial.a(uart_stm32.c.obj)
 .text.uart_stm32_irq_tx_enable
                0x00000000080075f6       0x16 zephyr/drivers/serial/libdrivers__serial.a(uart_stm32.c.obj)
 .text.uart_stm32_irq_tx_disable
                0x000000000800760c       0x16 zephyr/drivers/serial/libdrivers__serial.a(uart_stm32.c.obj)
 .text.uart_stm32_irq_rx_enable
                0x0000000008007622       0x16 zephyr/drivers/serial/libdrivers__serial.a(uart_stm32.c.obj)
 .text.uart_stm32_irq_rx_disable
                0x0000000008007638       0x16 zephyr/drivers/serial/libdrivers__serial.a(uart_stm32.c.obj)
 .text.uart_stm32_irq_rx_ready
                0x000000000800764e        0xc zephyr/drivers/serial/libdrivers__serial.a(uart_stm32.c.obj)
 .text.uart_stm32_irq_update
                0x000000000800765a        0x4 zephyr/drivers/serial/libdrivers__serial.a(uart_stm32.c.obj)
 .text.uart_stm32_irq_callback_set
                0x000000000800765e        0x8 zephyr/drivers/serial/libdrivers__serial.a(uart_stm32.c.obj)
 .text.uart_stm32_isr
                0x0000000008007666        0xc zephyr/drivers/serial/libdrivers__serial.a(uart_stm32.c.obj)
 .text.uart_stm32_irq_config_func_0
                0x0000000008007672       0x16 zephyr/drivers/serial/libdrivers__serial.a(uart_stm32.c.obj)
 .text.uart_stm32_irq_config_func_1
                0x0000000008007688       0x16 zephyr/drivers/serial/libdrivers__serial.a(uart_stm32.c.obj)
 .text.uart_stm32_irq_config_func_2
                0x000000000800769e       0x16 zephyr/drivers/serial/libdrivers__serial.a(uart_stm32.c.obj)
 .text.uart_stm32_irq_tx_complete
                0x00000000080076b4        0xc zephyr/drivers/serial/libdrivers__serial.a(uart_stm32.c.obj)
 .text.uart_stm32_irq_tx_ready
                0x00000000080076c0       0x14 zephyr/drivers/serial/libdrivers__serial.a(uart_stm32.c.obj)
 .text.uart_stm32_parameters_set
                0x00000000080076d4      0x136 zephyr/drivers/serial/libdrivers__serial.a(uart_stm32.c.obj)
 .text.uart_stm32_config_get
                0x000000000800780a       0x92 zephyr/drivers/serial/libdrivers__serial.a(uart_stm32.c.obj)
 .text.uart_stm32_fifo_fill
                0x000000000800789c       0x5c zephyr/drivers/serial/libdrivers__serial.a(uart_stm32.c.obj)
 .text.uart_stm32_poll_out
                0x00000000080078f8       0x36 zephyr/drivers/serial/libdrivers__serial.a(uart_stm32.c.obj)
 .text.uart_stm32_irq_is_pending
                0x000000000800792e       0x24 zephyr/drivers/serial/libdrivers__serial.a(uart_stm32.c.obj)
 .text.uart_stm32_fifo_read
                0x0000000008007952       0x44 zephyr/drivers/serial/libdrivers__serial.a(uart_stm32.c.obj)
 .text.uart_stm32_poll_in
                0x0000000008007996       0x20 zephyr/drivers/serial/libdrivers__serial.a(uart_stm32.c.obj)
 .text.z_impl_k_busy_wait
                0x00000000080079b6       0x1c zephyr/kernel/libkernel.a(busy_wait.c.obj)
                0x00000000080079b6                z_impl_k_busy_wait
 .text.z_device_state_init
                0x00000000080079d2        0x2 zephyr/kernel/libkernel.a(device.c.obj)
                0x00000000080079d2                z_device_state_init
 .text.z_impl_device_is_ready
                0x00000000080079d4       0x16 zephyr/kernel/libkernel.a(device.c.obj)
                0x00000000080079d4                z_impl_device_is_ready
 .text.arch_system_halt
                0x00000000080079ea       0x10 zephyr/kernel/libkernel.a(fatal.c.obj)
                0x00000000080079ea                arch_system_halt
 .text.k_sys_fatal_error_handler
                0x00000000080079fa        0x6 zephyr/kernel/libkernel.a(fatal.c.obj)
                0x00000000080079fa                k_sys_fatal_error_handler
 .text.do_device_init
                0x0000000008007a00       0x30 zephyr/kernel/libkernel.a(init.c.obj)
 .text.z_early_memset
                0x0000000008007a30        0x4 zephyr/kernel/libkernel.a(init.c.obj)
                0x0000000008007a30                z_early_memset
 .text.z_early_memcpy
                0x0000000008007a34        0x4 zephyr/kernel/libkernel.a(init.c.obj)
                0x0000000008007a34                z_early_memcpy
 .text.z_init_static
                0x0000000008007a38        0x2 zephyr/kernel/libkernel.a(init_static.c.obj)
                0x0000000008007a38                z_init_static
 .text.idle     0x0000000008007a3a       0x16 zephyr/kernel/libkernel.a(idle.c.obj)
                0x0000000008007a3a                idle
 .text.adjust_owner_prio.isra.0
                0x0000000008007a50       0x10 zephyr/kernel/libkernel.a(mutex.c.obj)
 .text.z_impl_k_mutex_init
                0x0000000008007a60        0xe zephyr/kernel/libkernel.a(mutex.c.obj)
                0x0000000008007a60                z_impl_k_mutex_init
 .text.k_is_in_isr
                0x0000000008007a6e        0xc zephyr/kernel/libkernel.a(thread.c.obj)
                0x0000000008007a6e                k_is_in_isr
 .text.k_thread_name_get
                0x0000000008007a7a        0x4 zephyr/kernel/libkernel.a(thread.c.obj)
                0x0000000008007a7a                k_thread_name_get
 .text.z_impl_k_thread_start
                0x0000000008007a7e        0x4 zephyr/kernel/libkernel.a(thread.c.obj)
                0x0000000008007a7e                z_impl_k_thread_start
 .text.z_stack_space_get
                0x0000000008007a82       0x18 zephyr/kernel/libkernel.a(thread.c.obj)
                0x0000000008007a82                z_stack_space_get
 .text.z_impl_k_thread_stack_space_get
                0x0000000008007a9a        0xa zephyr/kernel/libkernel.a(thread.c.obj)
                0x0000000008007a9a                z_impl_k_thread_stack_space_get
 .text.sys_dlist_remove
                0x0000000008007aa4       0x10 zephyr/kernel/libkernel.a(sched.c.obj)
 .text.unpend_thread_no_timeout
                0x0000000008007ab4       0x14 zephyr/kernel/libkernel.a(sched.c.obj)
 .text.add_to_waitq_locked
                0x0000000008007ac8       0x50 zephyr/kernel/libkernel.a(sched.c.obj)
 .text.z_sched_prio_cmp
                0x0000000008007b18       0x12 zephyr/kernel/libkernel.a(sched.c.obj)
                0x0000000008007b18                z_sched_prio_cmp
 .text.z_ready_thread
                0x0000000008007b2a       0x1e zephyr/kernel/libkernel.a(sched.c.obj)
                0x0000000008007b2a                z_ready_thread
 .text.z_impl_k_thread_suspend
                0x0000000008007b48       0x32 zephyr/kernel/libkernel.a(sched.c.obj)
                0x0000000008007b48                z_impl_k_thread_suspend
 .text.z_unpend_thread_no_timeout
                0x0000000008007b7a       0x22 zephyr/kernel/libkernel.a(sched.c.obj)
                0x0000000008007b7a                z_unpend_thread_no_timeout
 .text.z_sched_wake_thread
                0x0000000008007b9c       0x42 zephyr/kernel/libkernel.a(sched.c.obj)
                0x0000000008007b9c                z_sched_wake_thread
 .text.z_thread_timeout
                0x0000000008007bde        0x8 zephyr/kernel/libkernel.a(sched.c.obj)
                0x0000000008007bde                z_thread_timeout
 .text.z_unpend1_no_timeout
                0x0000000008007be6       0x2c zephyr/kernel/libkernel.a(sched.c.obj)
                0x0000000008007be6                z_unpend1_no_timeout
 .text.z_unpend_first_thread
                0x0000000008007c12       0x36 zephyr/kernel/libkernel.a(sched.c.obj)
                0x0000000008007c12                z_unpend_first_thread
 .text.z_unpend_thread
                0x0000000008007c48       0x10 zephyr/kernel/libkernel.a(sched.c.obj)
                0x0000000008007c48                z_unpend_thread
 .text.z_thread_abort
                0x0000000008007c58       0x44 zephyr/kernel/libkernel.a(sched.c.obj)
                0x0000000008007c58                z_thread_abort
 .text.z_sched_wake
                0x0000000008007c9c       0x46 zephyr/kernel/libkernel.a(sched.c.obj)
                0x0000000008007c9c                z_sched_wake
 .text.z_abort_timeout
                0x0000000008007ce2       0x2a zephyr/kernel/libkernel.a(timeout.c.obj)
                0x0000000008007ce2                z_abort_timeout
 .text.sys_clock_tick_get_32
                0x0000000008007d0c        0x8 zephyr/kernel/libkernel.a(timeout.c.obj)
                0x0000000008007d0c                sys_clock_tick_get_32
 .text.z_impl_k_uptime_ticks
                0x0000000008007d14        0x4 zephyr/kernel/libkernel.a(timeout.c.obj)
                0x0000000008007d14                z_impl_k_uptime_ticks
 .text.z_impl_k_timer_stop
                0x0000000008007d18       0x38 zephyr/kernel/libkernel.a(timer.c.obj)
                0x0000000008007d18                z_impl_k_timer_stop
 .text.clear_event_registrations
                0x0000000008007d50       0x5c zephyr/kernel/libkernel.a(poll.c.obj)
 .text.add_event
                0x0000000008007dac       0x62 zephyr/kernel/libkernel.a(poll.c.obj)
 .text.register_events
                0x0000000008007e0e       0xf0 zephyr/kernel/libkernel.a(poll.c.obj)
 .text.signal_poll_event
                0x0000000008007efe       0x8c zephyr/kernel/libkernel.a(poll.c.obj)
 .text.k_poll_event_init
                0x0000000008007f8a       0x1e zephyr/kernel/libkernel.a(poll.c.obj)
                0x0000000008007f8a                k_poll_event_init
 .text.z_handle_obj_poll_events
                0x0000000008007fa8       0x34 zephyr/kernel/libkernel.a(poll.c.obj)
                0x0000000008007fa8                z_handle_obj_poll_events
 .text.z_impl_k_poll_signal_init
                0x0000000008007fdc        0xa zephyr/kernel/libkernel.a(poll.c.obj)
                0x0000000008007fdc                z_impl_k_poll_signal_init
 .text.z_impl_k_poll_signal_reset
                0x0000000008007fe6        0x6 zephyr/kernel/libkernel.a(poll.c.obj)
                0x0000000008007fe6                z_impl_k_poll_signal_reset
 .text.z_impl_k_poll_signal_check
                0x0000000008007fec        0xa zephyr/kernel/libkernel.a(poll.c.obj)
                0x0000000008007fec                z_impl_k_poll_signal_check
 .text.flag_test_and_clear
                0x0000000008007ff6       0x16 zephyr/kernel/libkernel.a(work.c.obj)
 .text.notify_queue_locked.isra.0
                0x000000000800800c        0xe zephyr/kernel/libkernel.a(work.c.obj)
 .text.z_work_submit_to_queue
                0x000000000800801a       0x26 zephyr/kernel/libkernel.a(work.c.obj)
                0x000000000800801a                z_work_submit_to_queue
 .text.memcmp   0x0000000008008040       0x20 /home/golden-devadhas/zephyr-sdk-0.16.5-1/arm-zephyr-eabi/bin/../lib/gcc/../../picolibc/arm-zephyr-eabi/lib/thumb/v7e-m/nofp/libc.a(libc_string_memcmp.c.o)
                0x0000000008008040                memcmp
 .text.strchr   0x0000000008008060       0x1a /home/golden-devadhas/zephyr-sdk-0.16.5-1/arm-zephyr-eabi/bin/../lib/gcc/../../picolibc/arm-zephyr-eabi/lib/thumb/v7e-m/nofp/libc.a(libc_string_strchr.c.o)
                0x0000000008008060                strchr
 .text.strncmp  0x000000000800807a       0x24 /home/golden-devadhas/zephyr-sdk-0.16.5-1/arm-zephyr-eabi/bin/../lib/gcc/../../picolibc/arm-zephyr-eabi/lib/thumb/v7e-m/nofp/libc.a(libc_string_strncmp.c.o)
                0x000000000800807a                strncmp
 .text.strncpy  0x000000000800809e       0x20 /home/golden-devadhas/zephyr-sdk-0.16.5-1/arm-zephyr-eabi/bin/../lib/gcc/../../picolibc/arm-zephyr-eabi/lib/thumb/v7e-m/nofp/libc.a(libc_string_strncpy.c.o)
                0x000000000800809e                strncpy
 .text.strnlen  0x00000000080080be       0x18 /home/golden-devadhas/zephyr-sdk-0.16.5-1/arm-zephyr-eabi/bin/../lib/gcc/../../picolibc/arm-zephyr-eabi/lib/thumb/v7e-m/nofp/libc.a(libc_string_strnlen.c.o)
                0x00000000080080be                strnlen
 .text.strstr   0x00000000080080d6       0x2c /home/golden-devadhas/zephyr-sdk-0.16.5-1/arm-zephyr-eabi/bin/../lib/gcc/../../picolibc/arm-zephyr-eabi/lib/thumb/v7e-m/nofp/libc.a(libc_string_strstr.c.o)
                0x00000000080080d6                strstr
 .text.__ultoa_invert
                0x0000000008008102       0xae /home/golden-devadhas/zephyr-sdk-0.16.5-1/arm-zephyr-eabi/bin/../lib/gcc/../../picolibc/arm-zephyr-eabi/lib/thumb/v7e-m/nofp/libc.a(libc_tinystdio_vflprintf.c.o)
 .text.memcpy   0x00000000080081b0       0x1c /home/golden-devadhas/zephyr-sdk-0.16.5-1/arm-zephyr-eabi/bin/../lib/gcc/../../picolibc/arm-zephyr-eabi/lib/thumb/v7e-m/nofp/libc.a(memcpy.c.o)
                0x00000000080081b0                memcpy
                0x00000000080081b0                __aeabi_memcpy
                0x00000000080081b0                __aeabi_memcpy4
                0x00000000080081b0                __aeabi_memcpy8
 .text.memmove  0x00000000080081cc       0x34 /home/golden-devadhas/zephyr-sdk-0.16.5-1/arm-zephyr-eabi/bin/../lib/gcc/../../picolibc/arm-zephyr-eabi/lib/thumb/v7e-m/nofp/libc.a(memmove.c.o)
                0x00000000080081cc                memmove
                0x00000000080081cc                __aeabi_memmove8
                0x00000000080081cc                __aeabi_memmove
                0x00000000080081cc                __aeabi_memmove4
 .text.memset   0x0000000008008200       0x10 /home/golden-devadhas/zephyr-sdk-0.16.5-1/arm-zephyr-eabi/bin/../lib/gcc/../../picolibc/arm-zephyr-eabi/lib/thumb/v7e-m/nofp/libc.a(memset.c.o)
                0x0000000008008200                memset
 .text.__file_str_put
                0x0000000008008210       0x10 /home/golden-devadhas/zephyr-sdk-0.16.5-1/arm-zephyr-eabi/bin/../lib/gcc/../../picolibc/arm-zephyr-eabi/lib/thumb/v7e-m/nofp/libc.a(libc_tinystdio_filestrput.c.o)
                0x0000000008008210                __file_str_put
 *(SORT_BY_ALIGNMENT(.TEXT.*))
 .TEXT.__aeabi_read_tp
                0x0000000008008220        0xc zephyr/arch/arch/arm/core/cortex_m/libarch__arm__core__cortex_m.a(__aeabi_read_tp.S.obj)
                0x0000000008008220                __aeabi_read_tp
 *(SORT_BY_ALIGNMENT(.gnu.linkonce.t.*))
 *(SORT_BY_ALIGNMENT(.glue_7t))
 .glue_7t       0x000000000800822c        0x0 linker stubs
 *(SORT_BY_ALIGNMENT(.glue_7))
 .glue_7        0x000000000800822c        0x0 linker stubs
 *(SORT_BY_ALIGNMENT(.vfp11_veneer))
 .vfp11_veneer  0x000000000800822c        0x0 linker stubs
 *(SORT_BY_ALIGNMENT(.v4_bx))
 .v4_bx         0x000000000800822c        0x0 linker stubs
                0x000000000800822c                . = ALIGN (0x4)
                0x000000000800822c                __text_region_end = .

.ARM.exidx      0x000000000800822c        0x8
                0x000000000800822c                __exidx_start = .
 *(SORT_BY_ALIGNMENT(.ARM.exidx*) SORT_BY_ALIGNMENT(gnu.linkonce.armexidx.*))
 .ARM.exidx     0x000000000800822c        0x8 /home/golden-devadhas/zephyr-sdk-0.16.5-1/arm-zephyr-eabi/bin/../lib/gcc/../../picolibc/arm-zephyr-eabi/lib/thumb/v7e-m/nofp/libc.a(strcmp.S.o)
 .ARM.exidx     0x0000000008008234        0x0 /home/golden-devadhas/zephyr-sdk-0.16.5-1/arm-zephyr-eabi/bin/../lib/gcc/../../picolibc/arm-zephyr-eabi/lib/thumb/v7e-m/nofp/libc.a(strcpy.S.o)
                                          0x8 (size before relaxing)
 .ARM.exidx     0x0000000008008234        0x0 /home/golden-devadhas/zephyr-sdk-0.16.5-1/arm-zephyr-eabi/bin/../lib/gcc/../../picolibc/arm-zephyr-eabi/lib/thumb/v7e-m/nofp/libc.a(strlen.S.o)
                                          0x8 (size before relaxing)
 .ARM.exidx     0x0000000008008234        0x0 /home/golden-devadhas/zephyr-sdk-0.16.5-1/arm-zephyr-eabi/bin/../lib/gcc/arm-zephyr-eabi/12.2.0/thumb/v7e-m/nofp/libgcc.a(_udivmoddi4.o)
                                          0x8 (size before relaxing)
                0x0000000008008234                __exidx_end = .
                0x0000000008008234                __rodata_region_start = .

initlevel       0x0000000008008234       0xa8
                0x0000000008008234                __init_start = .
                0x0000000008008234                __init_EARLY_start = .
 *(SORT_BY_NAME(SORT_BY_ALIGNMENT(.z_init_EARLY?_*)))
 *(SORT_BY_NAME(SORT_BY_ALIGNMENT(.z_init_EARLY??_*)))
                0x0000000008008234                __init_PRE_KERNEL_1_start = .
 *(SORT_BY_NAME(SORT_BY_ALIGNMENT(.z_init_PRE_KERNEL_1?_*)))
 .z_init_PRE_KERNEL_11_00009_
                0x0000000008008234        0x8 zephyr/drivers/clock_control/libdrivers__clock_control.a(clock_stm32_ll_common.c.obj)
 .z_init_PRE_KERNEL_11_0_
                0x000000000800823c        0x8 zephyr/libzephyr.a(soc_config.c.obj)
 *(SORT_BY_NAME(SORT_BY_ALIGNMENT(.z_init_PRE_KERNEL_1??_*)))
 .z_init_PRE_KERNEL_135_00047_
                0x0000000008008244        0x8 zephyr/drivers/reset/libdrivers__reset.a(reset_stm32.c.obj)
 .z_init_PRE_KERNEL_140_00037_
                0x000000000800824c        0x8 zephyr/drivers/gpio/libdrivers__gpio.a(gpio_stm32.c.obj)
 .z_init_PRE_KERNEL_140_00040_
                0x0000000008008254        0x8 zephyr/drivers/gpio/libdrivers__gpio.a(gpio_stm32.c.obj)
 .z_init_PRE_KERNEL_140_00060_
                0x000000000800825c        0x8 zephyr/drivers/interrupt_controller/libdrivers__interrupt_controller.a(intc_exti_stm32.c.obj)
 .z_init_PRE_KERNEL_140_00082_
                0x0000000008008264        0x8 zephyr/drivers/gpio/libdrivers__gpio.a(gpio_stm32.c.obj)
 .z_init_PRE_KERNEL_140_00095_
                0x000000000800826c        0x8 zephyr/drivers/gpio/libdrivers__gpio.a(gpio_stm32.c.obj)
 .z_init_PRE_KERNEL_140_00096_
                0x0000000008008274        0x8 zephyr/drivers/gpio/libdrivers__gpio.a(gpio_stm32.c.obj)
 .z_init_PRE_KERNEL_140_00097_
                0x000000000800827c        0x8 zephyr/drivers/gpio/libdrivers__gpio.a(gpio_stm32.c.obj)
 .z_init_PRE_KERNEL_140_00098_
                0x0000000008008284        0x8 zephyr/drivers/gpio/libdrivers__gpio.a(gpio_stm32.c.obj)
 .z_init_PRE_KERNEL_140_00099_
                0x000000000800828c        0x8 zephyr/drivers/gpio/libdrivers__gpio.a(gpio_stm32.c.obj)
 .z_init_PRE_KERNEL_140_00100_
                0x0000000008008294        0x8 zephyr/drivers/gpio/libdrivers__gpio.a(gpio_stm32.c.obj)
 .z_init_PRE_KERNEL_150_00070_
                0x000000000800829c        0x8 zephyr/drivers/serial/libdrivers__serial.a(uart_stm32.c.obj)
 .z_init_PRE_KERNEL_150_00073_
                0x00000000080082a4        0x8 zephyr/drivers/serial/libdrivers__serial.a(uart_stm32.c.obj)
 .z_init_PRE_KERNEL_150_00078_
                0x00000000080082ac        0x8 zephyr/drivers/serial/libdrivers__serial.a(uart_stm32.c.obj)
 .z_init_PRE_KERNEL_160_0_
                0x00000000080082b4        0x8 zephyr/drivers/console/libdrivers__console.a(uart_console.c.obj)
                0x00000000080082bc                __init_PRE_KERNEL_2_start = .
 *(SORT_BY_NAME(SORT_BY_ALIGNMENT(.z_init_PRE_KERNEL_2?_*)))
 .z_init_PRE_KERNEL_20_0_
                0x00000000080082bc        0x8 zephyr/drivers/timer/libdrivers__timer.a(cortex_m_systick.c.obj)
 *(SORT_BY_NAME(SORT_BY_ALIGNMENT(.z_init_PRE_KERNEL_2??_*)))
                0x00000000080082c4                __init_POST_KERNEL_start = .
 *(SORT_BY_NAME(SORT_BY_ALIGNMENT(.z_init_POST_KERNEL?_*)))
 *(SORT_BY_NAME(SORT_BY_ALIGNMENT(.z_init_POST_KERNEL??_*)))
 .z_init_POST_KERNEL35_0_
                0x00000000080082c4        0x8 zephyr/lib/libc/common/liblib__libc__common.a(malloc.c.obj)
 .z_init_POST_KERNEL40_0_
                0x00000000080082cc        0x8 zephyr/kernel/libkernel.a(system_work_q.c.obj)
 .z_init_POST_KERNEL90_0_
                0x00000000080082d4        0x8 zephyr/libzephyr.a(shell_uart.c.obj)
                0x00000000080082dc                __init_APPLICATION_start = .
 *(SORT_BY_NAME(SORT_BY_ALIGNMENT(.z_init_APPLICATION?_*)))
 *(SORT_BY_NAME(SORT_BY_ALIGNMENT(.z_init_APPLICATION??_*)))
                0x00000000080082dc                __init_SMP_start = .
 *(SORT_BY_NAME(SORT_BY_ALIGNMENT(.z_init_SMP?_*)))
 *(SORT_BY_NAME(SORT_BY_ALIGNMENT(.z_init_SMP??_*)))
                0x00000000080082dc                __init_end = .
                0x00000000080082dc                __deferred_init_list_start = .
 *(SORT_BY_ALIGNMENT(.z_deferred_init*))
                0x00000000080082dc                __deferred_init_list_end = .

device_area     0x00000000080082dc      0x12c
                0x00000000080082dc                _device_list_start = .
 *(SORT_BY_NAME(SORT_BY_ALIGNMENT(._device.static.*_?_*)))
 ._device.static.1_1_
                0x00000000080082dc       0x14 zephyr/drivers/clock_control/libdrivers__clock_control.a(clock_stm32_ll_common.c.obj)
                0x00000000080082dc                __device_dts_ord_9
 *(SORT_BY_NAME(SORT_BY_ALIGNMENT(._device.static.*_??_*)))
 ._device.static.1_35_
                0x00000000080082f0       0x14 zephyr/drivers/reset/libdrivers__reset.a(reset_stm32.c.obj)
                0x00000000080082f0                __device_dts_ord_47
 ._device.static.1_40_
                0x0000000008008304       0x14 zephyr/drivers/interrupt_controller/libdrivers__interrupt_controller.a(intc_exti_stm32.c.obj)
                0x0000000008008304                __device_dts_ord_60
 ._device.static.1_40_
                0x0000000008008318       0xb4 zephyr/drivers/gpio/libdrivers__gpio.a(gpio_stm32.c.obj)
                0x0000000008008318                __device_dts_ord_100
                0x000000000800832c                __device_dts_ord_99
                0x0000000008008340                __device_dts_ord_98
                0x0000000008008354                __device_dts_ord_97
                0x0000000008008368                __device_dts_ord_96
                0x000000000800837c                __device_dts_ord_82
                0x0000000008008390                __device_dts_ord_37
                0x00000000080083a4                __device_dts_ord_40
                0x00000000080083b8                __device_dts_ord_95
 ._device.static.1_50_
                0x00000000080083cc       0x3c zephyr/drivers/serial/libdrivers__serial.a(uart_stm32.c.obj)
                0x00000000080083cc                __device_dts_ord_73
                0x00000000080083e0                __device_dts_ord_78
                0x00000000080083f4                __device_dts_ord_70
                0x0000000008008408                _device_list_end = .

sw_isr_table    0x0000000008008408      0x2d8
                0x0000000008008408                . = ALIGN (0x4)
 *(SORT_BY_ALIGNMENT(.gnu.linkonce.sw_isr_table*))
 .gnu.linkonce.sw_isr_table
                0x0000000008008408      0x2d8 zephyr/arch/common/libisr_tables.a(isr_tables.c.obj)
                0x0000000008008408                _sw_isr_table

initlevel_error
                0x0000000008008234        0x0
 *(SORT_BY_NAME(SORT_BY_ALIGNMENT(.z_init_[_A-Z0-9]*)))
                0x0000000000000001                ASSERT ((SIZEOF (initlevel_error) == 0x0), Undefined initialization levels used.)

app_shmem_regions
                0x00000000080086e0        0x0
                0x00000000080086e0                __app_shmem_regions_start = .
 *(SORT_BY_NAME(SORT_BY_ALIGNMENT(.app_regions.*)))
                0x00000000080086e0                __app_shmem_regions_end = .

k_p4wq_initparam_area
                0x00000000080086e0        0x0
                0x00000000080086e0                _k_p4wq_initparam_list_start = .
 *(SORT_BY_NAME(SORT_BY_ALIGNMENT(._k_p4wq_initparam.static.*)))
                0x00000000080086e0                _k_p4wq_initparam_list_end = .

_static_thread_data_area
                0x00000000080086e0        0x0
                0x00000000080086e0                __static_thread_data_list_start = .
 *(SORT_BY_NAME(SORT_BY_ALIGNMENT(.__static_thread_data.static.*)))
                0x00000000080086e0                __static_thread_data_list_end = .

device_deps     0x00000000080086e0        0x0
                0x00000000080086e0                __device_deps_start = .
 *(SORT_BY_NAME(SORT_BY_ALIGNMENT(.__device_deps_pass2*)))
                0x00000000080086e0                __device_deps_end = .

ztest           0x00000000080086e0        0x0
                0x00000000080086e0                _ztest_expected_result_entry_list_start = .
 *(SORT_BY_NAME(SORT_BY_ALIGNMENT(._ztest_expected_result_entry.static.*)))
                0x00000000080086e0                _ztest_expected_result_entry_list_end = .
                0x00000000080086e0                _ztest_suite_node_list_start = .
 *(SORT_BY_NAME(SORT_BY_ALIGNMENT(._ztest_suite_node.static.*)))
                0x00000000080086e0                _ztest_suite_node_list_end = .
                0x00000000080086e0                _ztest_unit_test_list_start = .
 *(SORT_BY_NAME(SORT_BY_ALIGNMENT(._ztest_unit_test.static.*)))
                0x00000000080086e0                _ztest_unit_test_list_end = .
                0x00000000080086e0                _ztest_test_rule_list_start = .
 *(SORT_BY_NAME(SORT_BY_ALIGNMENT(._ztest_test_rule.static.*)))
                0x00000000080086e0                _ztest_test_rule_list_end = .

init_array      0x00000000080086e0        0x0
 *(SORT_BY_NAME(SORT_BY_ALIGNMENT(.ctors*)))
 *(SORT_BY_NAME(SORT_BY_ALIGNMENT(.init_array*)))
                0x0000000000000001                ASSERT ((SIZEOF (init_array) == 0x0), GNU-style constructors required but STATIC_INIT_GNU not enabled)

bt_l2cap_fixed_chan_area
                0x00000000080086e0        0x0
                0x00000000080086e0                _bt_l2cap_fixed_chan_list_start = .
 *(SORT_BY_NAME(SORT_BY_ALIGNMENT(._bt_l2cap_fixed_chan.static.*)))
                0x00000000080086e0                _bt_l2cap_fixed_chan_list_end = .

bt_gatt_service_static_area
                0x00000000080086e0        0x0
                0x00000000080086e0                _bt_gatt_service_static_list_start = .
 *(SORT_BY_NAME(SORT_BY_ALIGNMENT(._bt_gatt_service_static.static.*)))
                0x00000000080086e0                _bt_gatt_service_static_list_end = .

log_strings_area
                0x00000000080086e0        0x0
                0x00000000080086e0                _log_strings_list_start = .
 *(SORT_BY_NAME(SORT_BY_ALIGNMENT(._log_strings.static.*)))
                0x00000000080086e0                _log_strings_list_end = .

log_const_area  0x00000000080086e0        0x0
                0x00000000080086e0                _log_const_list_start = .
 *(SORT_BY_NAME(SORT_BY_ALIGNMENT(._log_const.static.*)))
                0x00000000080086e0                _log_const_list_end = .

log_backend_area
                0x00000000080086e0        0x0
                0x00000000080086e0                _log_backend_list_start = .
 *(SORT_BY_NAME(SORT_BY_ALIGNMENT(._log_backend.static.*)))
                0x00000000080086e0                _log_backend_list_end = .

log_link_area   0x00000000080086e0        0x0
                0x00000000080086e0                _log_link_list_start = .
 *(SORT_BY_NAME(SORT_BY_ALIGNMENT(._log_link.static.*)))
                0x00000000080086e0                _log_link_list_end = .

tracing_backend_area
                0x00000000080086e0        0x0
                0x00000000080086e0                _tracing_backend_list_start = .
 *(SORT_BY_NAME(SORT_BY_ALIGNMENT(._tracing_backend.static.*)))
                0x00000000080086e0                _tracing_backend_list_end = .

zephyr_dbg_info
 *(SORT_BY_ALIGNMENT(.dbg_thread_info))

intc_table_area
                0x00000000080086e0        0x0
                0x00000000080086e0                _intc_table_list_start = .
 *(SORT_BY_NAME(SORT_BY_ALIGNMENT(._intc_table.static.*)))
                0x00000000080086e0                _intc_table_list_end = .

symbol_to_keep  0x00000000080086e0        0x0
                0x00000000080086e0                __symbol_to_keep_start = .
 *(SORT_BY_NAME(SORT_BY_ALIGNMENT(.symbol_to_keep*)))
                0x00000000080086e0                __symbol_to_keep_end = .

shell_area      0x00000000080086e0       0x2c
                0x00000000080086e0                _shell_list_start = .
 *(SORT_BY_NAME(SORT_BY_ALIGNMENT(._shell.static.*)))
 ._shell.static.shell_uart_
                0x00000000080086e0       0x2c zephyr/libzephyr.a(shell_uart.c.obj)
                0x000000000800870c                _shell_list_end = .

shell_root_cmds_area
                0x000000000800870c       0x28
                0x000000000800870c                _shell_root_cmds_list_start = .
 *(SORT_BY_NAME(SORT_BY_ALIGNMENT(._shell_root_cmds.static.*)))
 ._shell_root_cmds.static.shell_cmd_clear_
                0x000000000800870c        0x4 zephyr/libzephyr.a(shell_cmds.c.obj)
 ._shell_root_cmds.static.shell_cmd_device_
                0x0000000008008710        0x4 zephyr/libzephyr.a(device_service.c.obj)
 ._shell_root_cmds.static.shell_cmd_devmem_
                0x0000000008008714        0x4 zephyr/libzephyr.a(devmem_service.c.obj)
 ._shell_root_cmds.static.shell_cmd_help_
                0x0000000008008718        0x4 zephyr/libzephyr.a(shell.c.obj)
 ._shell_root_cmds.static.shell_cmd_history_
                0x000000000800871c        0x4 zephyr/libzephyr.a(shell_cmds.c.obj)
 ._shell_root_cmds.static.shell_cmd_kernel_
                0x0000000008008720        0x4 zephyr/libzephyr.a(kernel_shell.c.obj)
 ._shell_root_cmds.static.shell_cmd_rem_
                0x0000000008008724        0x4 zephyr/libzephyr.a(shell_cmds.c.obj)
 ._shell_root_cmds.static.shell_cmd_resize_
                0x0000000008008728        0x4 zephyr/libzephyr.a(shell_cmds.c.obj)
 ._shell_root_cmds.static.shell_cmd_retval_
                0x000000000800872c        0x4 zephyr/libzephyr.a(shell_cmds.c.obj)
 ._shell_root_cmds.static.shell_cmd_shell_
                0x0000000008008730        0x4 zephyr/libzephyr.a(shell_cmds.c.obj)
                0x0000000008008734                _shell_root_cmds_list_end = .

shell_subcmds_area
                0x0000000008008734       0xc8
                0x0000000008008734                _shell_subcmds_list_start = .
 *(SORT_BY_NAME(SORT_BY_ALIGNMENT(._shell_subcmds.static.*)))
 ._shell_subcmds.static._0_kernel_
                0x0000000008008734       0x14 zephyr/libzephyr.a(kernel_shell.c.obj)
 ._shell_subcmds.static._0_kernel_cycles_
                0x0000000008008748       0x14 zephyr/libzephyr.a(cycles.c.obj)
 ._shell_subcmds.static._0_kernel_sleep_
                0x000000000800875c       0x14 zephyr/libzephyr.a(sleep.c.obj)
 ._shell_subcmds.static._0_kernel_thread_
                0x0000000008008770       0x14 zephyr/libzephyr.a(thread.c.obj)
 ._shell_subcmds.static._0_kernel_uptime_
                0x0000000008008784       0x14 zephyr/libzephyr.a(uptime.c.obj)
 ._shell_subcmds.static._0_kernel_version_
                0x0000000008008798       0x14 zephyr/libzephyr.a(version.c.obj)
 ._shell_subcmds.static._0_thread_
                0x00000000080087ac       0x14 zephyr/libzephyr.a(thread.c.obj)
 ._shell_subcmds.static._0_thread_list_
                0x00000000080087c0       0x14 zephyr/libzephyr.a(list.c.obj)
 ._shell_subcmds.static._0_thread_stacks_
                0x00000000080087d4       0x14 zephyr/libzephyr.a(stacks.c.obj)
 ._shell_subcmds.static._999_
                0x00000000080087e8       0x14 zephyr/libzephyr.a(shell_utils.c.obj)
                0x00000000080087fc                _shell_subcmds_list_end = .

shell_dynamic_subcmds_area
                0x00000000080087fc        0x0
                0x00000000080087fc                _shell_dynamic_subcmds_list_start = .
 *(SORT_BY_NAME(SORT_BY_ALIGNMENT(._shell_dynamic_subcmds.static.*)))
                0x00000000080087fc                _shell_dynamic_subcmds_list_end = .

cfb_font_area   0x00000000080087fc        0x0
                0x00000000080087fc                _cfb_font_list_start = .
 *(SORT_BY_NAME(SORT_BY_ALIGNMENT(._cfb_font.static.*)))
                0x00000000080087fc                _cfb_font_list_end = .

tdata           0x00000000080087fc        0x0
 *(SORT_BY_ALIGNMENT(.tdata) SORT_BY_ALIGNMENT(.tdata.*) SORT_BY_ALIGNMENT(.gnu.linkonce.td.*))

tbss            0x00000000080087fc        0x8
 *(SORT_BY_ALIGNMENT(.tbss) SORT_BY_ALIGNMENT(.tbss.*) SORT_BY_ALIGNMENT(.gnu.linkonce.tb.*) SORT_BY_ALIGNMENT(.tcommon))
 .tbss.z_tls_current
                0x00000000080087fc        0x4 zephyr/libzephyr.a(thread_entry.c.obj)
                0x00000000080087fc                z_tls_current
 .tbss.errno    0x0000000008008800        0x4 /home/golden-devadhas/zephyr-sdk-0.16.5-1/arm-zephyr-eabi/bin/../lib/gcc/../../picolibc/arm-zephyr-eabi/lib/thumb/v7e-m/nofp/libc.a(libc_errno_errno.c.o)
                0x0000000008008800                errno
                0x00000000080087fc                PROVIDE (__tdata_start = LOADADDR (tdata))
                0x0000000000000001                PROVIDE (__tdata_align = ALIGNOF (tdata))
                0x0000000000000000                PROVIDE (__tdata_size = (((SIZEOF (tdata) + __tdata_align) - 0x1) & ~ ((__tdata_align - 0x1))))
                [!provide]                        PROVIDE (__tdata_end = (__tdata_start + __tdata_size))
                0x0000000000000004                PROVIDE (__tbss_align = ALIGNOF (tbss))
                [!provide]                        PROVIDE (__tbss_start = ADDR (tbss))
                0x0000000000000008                PROVIDE (__tbss_size = (((SIZEOF (tbss) + __tbss_align) - 0x1) & ~ ((__tbss_align - 0x1))))
                [!provide]                        PROVIDE (__tbss_end = (__tbss_start + __tbss_size))
                [!provide]                        PROVIDE (__tls_start = __tdata_start)
                [!provide]                        PROVIDE (__tls_end = __tbss_end)
                [!provide]                        PROVIDE (__tls_size = (__tbss_end - __tdata_start))

rodata          0x00000000080087fc     0x1848
 *(SORT_BY_ALIGNMENT(.rodata))
 .rodata        0x00000000080087fc        0x8 zephyr/drivers/interrupt_controller/libdrivers__interrupt_controller.a(intc_exti_stm32.c.obj)
 .rodata        0x0000000008008804        0x8 zephyr/kernel/libkernel.a(system_work_q.c.obj)
 .rodata        0x000000000800880c       0x10 zephyr/libzephyr.a(shell.c.obj)
 .rodata        0x000000000800881c       0x12 zephyr/libzephyr.a(shell_ops.c.obj)
 .rodata        0x000000000800882e       0x1a zephyr/libzephyr.a(shell_cmds.c.obj)